[     203ms] [ERROR] Access to script at 'https://static.cloudflareinsights.com/beacon.min.js/v833ccba57c9e4d2798f2e76cebdd09a11778172276447' from origin 'https://academy.hackthebox.com' has been blocked by CORS policy: No 'Access-Control-Allow-Origin' header is present on the requested resource. @ https://academy.hackthebox.com/app/module/144/section/3074:0
[     203ms] [ERROR] Failed to load resource: net::ERR_FAILED @ https://static.cloudflareinsights.com/beacon.min.js/v833ccba57c9e4d2798f2e76cebdd09a11778172276447:0
[     224ms] [ERROR] Failed to load resource: the server responded with a status of 499 () @ https://cdn.segment.com/analytics-next/bundles/ajs-destination.bundle.8e6b895db75187c55313.js:0
[     224ms] [ERROR] Refused to execute script from 'https://cdn.segment.com/analytics-next/bundles/ajs-destination.bundle.8e6b895db75187c55313.js' because its MIME type ('image/png') is not executable. @ https://academy.hackthebox.com/app/module/144/section/3074:0
[     260ms] [ERROR] [analytics.js] Failed to load Analytics.js ChunkLoadError: Loading chunk 50 failed.
(error: https://cdn.segment.com/analytics-next/bundles/ajs-destination.bundle.8e6b895db75187c55313.js)
    at s.f.j (https://fygapokei.hackthebox.com/htb-anal.js/v1/eLzeD0QoARKZ42pc8AGEUYpcFLpYkf0I/htb-anal.min.js:1:46360)
    at https://fygapokei.hackthebox.com/htb-anal.js/v1/eLzeD0QoARKZ42pc8AGEUYpcFLpYkf0I/htb-anal.min.js:1:44727
    at Array.reduce (<anonymous>)
    at s.e (https://fygapokei.hackthebox.com/htb-anal.js/v1/eLzeD0QoARKZ42pc8AGEUYpcFLpYkf0I/htb-anal.min.js:1:44692)
    at https://fygapokei.hackthebox.com/htb-anal.js/v1/eLzeD0QoARKZ42pc8AGEUYpcFLpYkf0I/htb-anal.min.js:1:101680
    at https://fygapokei.hackthebox.com/htb-anal.js/v1/eLzeD0QoARKZ42pc8AGEUYpcFLpYkf0I/htb-anal.min.js:1:33689
    at Object.next (https://fygapokei.hackthebox.com/htb-anal.js/v1/eLzeD0QoARKZ42pc8AGEUYpcFLpYkf0I/htb-anal.min.js:1:33794)
    at https://fygapokei.hackthebox.com/htb-anal.js/v1/eLzeD0QoARKZ42pc8AGEUYpcFLpYkf0I/htb-anal.min.js:1:32710
    at new Promise (<anonymous>)
    at u (https://fygapokei.hackthebox.com/htb-anal.js/v1/eLzeD0QoARKZ42pc8AGEUYpcFLpYkf0I/htb-anal.min.js:1:32455) @ https://fygapokei.hackthebox.com/htb-anal.js/v1/eLzeD0QoARKZ42pc8AGEUYpcFLpYkf0I/htb-anal.min.js:0
[     559ms] [ERROR] Access to fetch at 'https://o4510906651770960.ingest.de.sentry.io/api/4510906661863511/envelope/?sentry_version=7&sentry_key=fb892fd0847f9826a165f9b701b69c08&sentry_client=sentry.javascript.nuxt%2F10.52.0' from origin 'https://academy.hackthebox.com' has been blocked by CORS policy: No 'Access-Control-Allow-Origin' header is present on the requested resource. @ https://academy.hackthebox.com/app/module/144/section/3074:0
[     559ms] [ERROR] Failed to load resource: net::ERR_FAILED @ https://o4510906651770960.ingest.de.sentry.io/api/4510906661863511/envelope/?sentry_version=7&sentry_key=fb892fd0847f9826a165f9b701b69c08&sentry_client=sentry.javascript.nuxt%2F10.52.0:0
[     878ms] [ERROR] Access to fetch at 'https://api.segment.io/v1/m' from origin 'https://academy.hackthebox.com' has been blocked by CORS policy: No 'Access-Control-Allow-Origin' header is present on the requested resource. @ https://academy.hackthebox.com/app/module/144/section/3074:0
[     878ms] [ERROR] Failed to load resource: net::ERR_FAILED @ https://api.segment.io/v1/m:0
[     878ms] [ERROR] Error sending segment performance metrics TypeError: Failed to fetch
    at o (https://fygapokei.hackthebox.com/htb-anal.js/v1/eLzeD0QoARKZ42pc8AGEUYpcFLpYkf0I/htb-anal.min.js:1:23763)
    at t.<anonymous> (https://fygapokei.hackthebox.com/htb-anal.js/v1/eLzeD0QoARKZ42pc8AGEUYpcFLpYkf0I/htb-anal.min.js:1:22238)
    at https://fygapokei.hackthebox.com/htb-anal.js/v1/eLzeD0QoARKZ42pc8AGEUYpcFLpYkf0I/htb-anal.min.js:1:33689
    at Object.next (https://fygapokei.hackthebox.com/htb-anal.js/v1/eLzeD0QoARKZ42pc8AGEUYpcFLpYkf0I/htb-anal.min.js:1:33794)
    at https://fygapokei.hackthebox.com/htb-anal.js/v1/eLzeD0QoARKZ42pc8AGEUYpcFLpYkf0I/htb-anal.min.js:1:32710
    at new Promise (<anonymous>)
    at u (https://fygapokei.hackthebox.com/htb-anal.js/v1/eLzeD0QoARKZ42pc8AGEUYpcFLpYkf0I/htb-anal.min.js:1:32455)
    at t.send (https://fygapokei.hackthebox.com/htb-anal.js/v1/eLzeD0QoARKZ42pc8AGEUYpcFLpYkf0I/htb-anal.min.js:1:22021)
    at t.<anonymous> (https://fygapokei.hackthebox.com/htb-anal.js/v1/eLzeD0QoARKZ42pc8AGEUYpcFLpYkf0I/htb-anal.min.js:1:21894)
    at https://fygapokei.hackthebox.com/htb-anal.js/v1/eLzeD0QoARKZ42pc8AGEUYpcFLpYkf0I/htb-anal.min.js:1:33689 @ https://academy.hackthebox.com/app/_nuxt/D8ugQId0.js:8
[    2279ms] [ERROR] Access to fetch at 'https://o4510906651770960.ingest.de.sentry.io/api/4510906661863511/envelope/?sentry_version=7&sentry_key=fb892fd0847f9826a165f9b701b69c08&sentry_client=sentry.javascript.nuxt%2F10.52.0' from origin 'https://academy.hackthebox.com' has been blocked by CORS policy: No 'Access-Control-Allow-Origin' header is present on the requested resource. @ https://academy.hackthebox.com/app/module/144/section/3074:0
[    2279ms] [ERROR] Failed to load resource: net::ERR_FAILED @ https://o4510906651770960.ingest.de.sentry.io/api/4510906661863511/envelope/?sentry_version=7&sentry_key=fb892fd0847f9826a165f9b701b69c08&sentry_client=sentry.javascript.nuxt%2F10.52.0:0
[    2280ms] [ERROR] Access to fetch at 'https://o4510906651770960.ingest.de.sentry.io/api/4510906661863511/envelope/?sentry_version=7&sentry_key=fb892fd0847f9826a165f9b701b69c08&sentry_client=sentry.javascript.nuxt%2F10.52.0' from origin 'https://academy.hackthebox.com' has been blocked by CORS policy: No 'Access-Control-Allow-Origin' header is present on the requested resource. @ https://academy.hackthebox.com/app/module/144/section/3074:0
[    2280ms] [ERROR] Failed to load resource: net::ERR_FAILED @ https://o4510906651770960.ingest.de.sentry.io/api/4510906661863511/envelope/?sentry_version=7&sentry_key=fb892fd0847f9826a165f9b701b69c08&sentry_client=sentry.javascript.nuxt%2F10.52.0:0
[    2648ms] [ERROR] Refused to execute script from 'https://consent.cookiebot.com/uc.js?cbid=c6744560-9be5-4645-9305-83ef9e0b993d' because its MIME type ('image/gif') is not executable. @ https://academy.hackthebox.com/app/module/144/section/3074:0
[    7409ms] [WARNING] [Intercom] Not available after waiting. @ https://academy.hackthebox.com/app/_nuxt/D8ugQId0.js:8
[    7704ms] [WARNING] [Intercom] Not available after waiting. @ https://academy.hackthebox.com/app/_nuxt/D8ugQId0.js:8
[    7889ms] [ERROR] Failed to load resource: the server responded with a status of 404 () @ https://academy.hackthebox.com/ads.js:0
[    7889ms] [WARNING] AdBlock detection results: [Object, Object, Object, Object, Object] @ https://academy.hackthebox.com/app/_nuxt/D8ugQId0.js:8
[    8312ms] [ERROR] Failed to load resource: the server responded with a status of 404 () @ https://academy.hackthebox.com/_scripts/p/region1.google-analytics.com/g/collect?v=2&tid=G-TKKV7WGJ6V&gtm=45je65j1v885060163za204zd885060163&_p=1780389328652&gcd=13l3lPl2l1l1&npa=1&dma_cps=a&dma=1&_eu=AAAAAAQC&are=1&cid=1681029371.1780385059&frm=0&pscdl=noapi&rcb=9&sr=1920x1080&uaa=x86&uab=64&uafvl=Chromium%3B148.0.7778.217%7CGoogle%2520Chrome%3B148.0.7778.217%7CNot%252FA)Brand%3B99.0.0.0&uam=&uamb=0&uap=Windows&uapv=19.0.0&uaw=0&ul=es-es&_s=1&tag_exp=0~115938466~115938469&sid=1780385059&sct=1&seg=1&dl=https%3A%2F%2Facademy.hackthebox.com%2Fapp%2Fmodule%2F144%2Fsection%2F3074&dt=DNS%20%7C%20Hack%20The%20Box%20Academy&en=page_view&_ee=1&tfd=8186:0
[  448374ms] [ERROR] Access to script at 'https://static.cloudflareinsights.com/beacon.min.js/v833ccba57c9e4d2798f2e76cebdd09a11778172276447' from origin 'https://academy.hackthebox.com' has been blocked by CORS policy: No 'Access-Control-Allow-Origin' header is present on the requested resource. @ https://academy.hackthebox.com/app/dashboard:0
[  448374ms] [ERROR] Failed to load resource: net::ERR_FAILED @ https://static.cloudflareinsights.com/beacon.min.js/v833ccba57c9e4d2798f2e76cebdd09a11778172276447:0
[  448390ms] [ERROR] Failed to load resource: the server responded with a status of 499 () @ https://cdn.segment.com/analytics-next/bundles/ajs-destination.bundle.8e6b895db75187c55313.js:0
[  448390ms] [ERROR] Refused to execute script from 'https://cdn.segment.com/analytics-next/bundles/ajs-destination.bundle.8e6b895db75187c55313.js' because its MIME type ('image/png') is not executable. @ https://academy.hackthebox.com/app/dashboard:0
[  448390ms] [ERROR] [analytics.js] Failed to load Analytics.js ChunkLoadError: Loading chunk 50 failed.
(error: https://cdn.segment.com/analytics-next/bundles/ajs-destination.bundle.8e6b895db75187c55313.js)
    at s.f.j (https://fygapokei.hackthebox.com/htb-anal.js/v1/eLzeD0QoARKZ42pc8AGEUYpcFLpYkf0I/htb-anal.min.js:1:46360)
    at https://fygapokei.hackthebox.com/htb-anal.js/v1/eLzeD0QoARKZ42pc8AGEUYpcFLpYkf0I/htb-anal.min.js:1:44727
    at Array.reduce (<anonymous>)
    at s.e (https://fygapokei.hackthebox.com/htb-anal.js/v1/eLzeD0QoARKZ42pc8AGEUYpcFLpYkf0I/htb-anal.min.js:1:44692)
    at https://fygapokei.hackthebox.com/htb-anal.js/v1/eLzeD0QoARKZ42pc8AGEUYpcFLpYkf0I/htb-anal.min.js:1:101680
    at https://fygapokei.hackthebox.com/htb-anal.js/v1/eLzeD0QoARKZ42pc8AGEUYpcFLpYkf0I/htb-anal.min.js:1:33689
    at Object.next (https://fygapokei.hackthebox.com/htb-anal.js/v1/eLzeD0QoARKZ42pc8AGEUYpcFLpYkf0I/htb-anal.min.js:1:33794)
    at https://fygapokei.hackthebox.com/htb-anal.js/v1/eLzeD0QoARKZ42pc8AGEUYpcFLpYkf0I/htb-anal.min.js:1:32710
    at new Promise (<anonymous>)
    at u (https://fygapokei.hackthebox.com/htb-anal.js/v1/eLzeD0QoARKZ42pc8AGEUYpcFLpYkf0I/htb-anal.min.js:1:32455) @ https://fygapokei.hackthebox.com/htb-anal.js/v1/eLzeD0QoARKZ42pc8AGEUYpcFLpYkf0I/htb-anal.min.js:0
[  448716ms] [ERROR] Access to fetch at 'https://o4510906651770960.ingest.de.sentry.io/api/4510906661863511/envelope/?sentry_version=7&sentry_key=fb892fd0847f9826a165f9b701b69c08&sentry_client=sentry.javascript.nuxt%2F10.52.0' from origin 'https://academy.hackthebox.com' has been blocked by CORS policy: No 'Access-Control-Allow-Origin' header is present on the requested resource. @ https://academy.hackthebox.com/app/dashboard:0
[  448716ms] [ERROR] Failed to load resource: net::ERR_FAILED @ https://o4510906651770960.ingest.de.sentry.io/api/4510906661863511/envelope/?sentry_version=7&sentry_key=fb892fd0847f9826a165f9b701b69c08&sentry_client=sentry.javascript.nuxt%2F10.52.0:0
[  448938ms] [ERROR] Access to fetch at 'https://api.segment.io/v1/m' from origin 'https://academy.hackthebox.com' has been blocked by CORS policy: No 'Access-Control-Allow-Origin' header is present on the requested resource. @ https://academy.hackthebox.com/app/dashboard:0
[  448938ms] [ERROR] Failed to load resource: net::ERR_FAILED @ https://api.segment.io/v1/m:0
[  448938ms] [ERROR] Error sending segment performance metrics TypeError: Failed to fetch
    at o (https://fygapokei.hackthebox.com/htb-anal.js/v1/eLzeD0QoARKZ42pc8AGEUYpcFLpYkf0I/htb-anal.min.js:1:23763)
    at t.<anonymous> (https://fygapokei.hackthebox.com/htb-anal.js/v1/eLzeD0QoARKZ42pc8AGEUYpcFLpYkf0I/htb-anal.min.js:1:22238)
    at https://fygapokei.hackthebox.com/htb-anal.js/v1/eLzeD0QoARKZ42pc8AGEUYpcFLpYkf0I/htb-anal.min.js:1:33689
    at Object.next (https://fygapokei.hackthebox.com/htb-anal.js/v1/eLzeD0QoARKZ42pc8AGEUYpcFLpYkf0I/htb-anal.min.js:1:33794)
    at https://fygapokei.hackthebox.com/htb-anal.js/v1/eLzeD0QoARKZ42pc8AGEUYpcFLpYkf0I/htb-anal.min.js:1:32710
    at new Promise (<anonymous>)
    at u (https://fygapokei.hackthebox.com/htb-anal.js/v1/eLzeD0QoARKZ42pc8AGEUYpcFLpYkf0I/htb-anal.min.js:1:32455)
    at t.send (https://fygapokei.hackthebox.com/htb-anal.js/v1/eLzeD0QoARKZ42pc8AGEUYpcFLpYkf0I/htb-anal.min.js:1:22021)
    at t.<anonymous> (https://fygapokei.hackthebox.com/htb-anal.js/v1/eLzeD0QoARKZ42pc8AGEUYpcFLpYkf0I/htb-anal.min.js:1:21894)
    at https://fygapokei.hackthebox.com/htb-anal.js/v1/eLzeD0QoARKZ42pc8AGEUYpcFLpYkf0I/htb-anal.min.js:1:33689 @ https://academy.hackthebox.com/app/_nuxt/D8ugQId0.js:8
[  449948ms] [ERROR] Access to fetch at 'https://o4510906651770960.ingest.de.sentry.io/api/4510906661863511/envelope/?sentry_version=7&sentry_key=fb892fd0847f9826a165f9b701b69c08&sentry_client=sentry.javascript.nuxt%2F10.52.0' from origin 'https://academy.hackthebox.com' has been blocked by CORS policy: No 'Access-Control-Allow-Origin' header is present on the requested resource. @ https://academy.hackthebox.com/app/dashboard:0
[  449949ms] [ERROR] Failed to load resource: net::ERR_FAILED @ https://o4510906651770960.ingest.de.sentry.io/api/4510906661863511/envelope/?sentry_version=7&sentry_key=fb892fd0847f9826a165f9b701b69c08&sentry_client=sentry.javascript.nuxt%2F10.52.0:0
[  449949ms] [ERROR] Access to fetch at 'https://o4510906651770960.ingest.de.sentry.io/api/4510906661863511/envelope/?sentry_version=7&sentry_key=fb892fd0847f9826a165f9b701b69c08&sentry_client=sentry.javascript.nuxt%2F10.52.0' from origin 'https://academy.hackthebox.com' has been blocked by CORS policy: No 'Access-Control-Allow-Origin' header is present on the requested resource. @ https://academy.hackthebox.com/app/dashboard:0
[  449949ms] [ERROR] Failed to load resource: net::ERR_FAILED @ https://o4510906651770960.ingest.de.sentry.io/api/4510906661863511/envelope/?sentry_version=7&sentry_key=fb892fd0847f9826a165f9b701b69c08&sentry_client=sentry.javascript.nuxt%2F10.52.0:0
[  450238ms] [ERROR] Refused to execute script from 'https://consent.cookiebot.com/uc.js?cbid=c6744560-9be5-4645-9305-83ef9e0b993d' because its MIME type ('image/gif') is not executable. @ https://academy.hackthebox.com/app/dashboard:0
[  450501ms] [ERROR] Failed to load resource: the server responded with a status of 404 () @ https://academy.hackthebox.com/api/v3/exams/current:0
[  450501ms] [ERROR] Error fetching current exam:  FetchError: [GET] "/api/v3/exams/current": 404 
    at async l (https://academy.hackthebox.com/app/_nuxt/DBOhaI4B.js:4:72446)
    at async Proxy._ (https://academy.hackthebox.com/app/_nuxt/DBOhaI4B.js:2891:31322)
    at async Promise.allSettled (index 0)
    at async Us (https://academy.hackthebox.com/app/_nuxt/B2KvrE24.js:5:27927) @ https://academy.hackthebox.com/app/_nuxt/D8ugQId0.js:8
[  455092ms] [WARNING] [Intercom] Not available after waiting. @ https://academy.hackthebox.com/app/_nuxt/D8ugQId0.js:8
[  455100ms] [ERROR] Access to fetch at 'https://o4510906651770960.ingest.de.sentry.io/api/4510906661863511/envelope/?sentry_version=7&sentry_key=fb892fd0847f9826a165f9b701b69c08&sentry_client=sentry.javascript.nuxt%2F10.52.0' from origin 'https://academy.hackthebox.com' has been blocked by CORS policy: No 'Access-Control-Allow-Origin' header is present on the requested resource. @ https://academy.hackthebox.com/app/library/modules:0
[  455100ms] [ERROR] Failed to load resource: net::ERR_FAILED @ https://o4510906651770960.ingest.de.sentry.io/api/4510906661863511/envelope/?sentry_version=7&sentry_key=fb892fd0847f9826a165f9b701b69c08&sentry_client=sentry.javascript.nuxt%2F10.52.0:0
[  455102ms] [ERROR] Access to fetch at 'https://o4510906651770960.ingest.de.sentry.io/api/4510906661863511/envelope/?sentry_version=7&sentry_key=fb892fd0847f9826a165f9b701b69c08&sentry_client=sentry.javascript.nuxt%2F10.52.0' from origin 'https://academy.hackthebox.com' has been blocked by CORS policy: No 'Access-Control-Allow-Origin' header is present on the requested resource. @ https://academy.hackthebox.com/app/library/modules:0
[  455102ms] [ERROR] Failed to load resource: net::ERR_FAILED @ https://o4510906651770960.ingest.de.sentry.io/api/4510906661863511/envelope/?sentry_version=7&sentry_key=fb892fd0847f9826a165f9b701b69c08&sentry_client=sentry.javascript.nuxt%2F10.52.0:0
[  455375ms] [ERROR] Failed to load resource: the server responded with a status of 404 () @ https://academy.hackthebox.com/_scripts/p/region1.google-analytics.com/g/collect?v=2&tid=G-TKKV7WGJ6V&gtm=45je65j1v885060163za204zd885060163&_p=1780389776304&gcd=13l3lPl2l1l1&npa=1&dma_cps=a&dma=1&_eu=AAAAAAQC&are=1&cid=1681029371.1780385059&frm=0&pscdl=noapi&rcb=17&sr=1920x1080&uaa=x86&uab=64&uafvl=Chromium%3B148.0.7778.217%7CGoogle%2520Chrome%3B148.0.7778.217%7CNot%252FA)Brand%3B99.0.0.0&uam=&uamb=0&uap=Windows&uapv=19.0.0&uaw=0&ul=es-es&_s=1&tag_exp=0~115616985~115938465~115938469&sid=1780385059&sct=1&seg=1&dl=https%3A%2F%2Facademy.hackthebox.com%2Fapp%2Fdashboard&dt=Dashboard%20%7C%20Hack%20The%20Box%20Academy&en=page_view&_ee=1&tfd=6962:0
[  455478ms] [WARNING] [Intercom] Not available after waiting. @ https://academy.hackthebox.com/app/_nuxt/D8ugQId0.js:8
[  455615ms] [ERROR] Failed to load resource: the server responded with a status of 404 () @ https://academy.hackthebox.com/ads.js:0
[  455615ms] [WARNING] AdBlock detection results: [Object, Object, Object, Object, Object] @ https://academy.hackthebox.com/app/_nuxt/D8ugQId0.js:8
[  456367ms] [ERROR] Access to fetch at 'https://o4510906651770960.ingest.de.sentry.io/api/4510906661863511/envelope/?sentry_version=7&sentry_key=fb892fd0847f9826a165f9b701b69c08&sentry_client=sentry.javascript.nuxt%2F10.52.0' from origin 'https://academy.hackthebox.com' has been blocked by CORS policy: No 'Access-Control-Allow-Origin' header is present on the requested resource. @ https://academy.hackthebox.com/app/library/paths:0
[  456367ms] [ERROR] Failed to load resource: net::ERR_FAILED @ https://o4510906651770960.ingest.de.sentry.io/api/4510906661863511/envelope/?sentry_version=7&sentry_key=fb892fd0847f9826a165f9b701b69c08&sentry_client=sentry.javascript.nuxt%2F10.52.0:0
[  456367ms] [ERROR] Access to fetch at 'https://o4510906651770960.ingest.de.sentry.io/api/4510906661863511/envelope/?sentry_version=7&sentry_key=fb892fd0847f9826a165f9b701b69c08&sentry_client=sentry.javascript.nuxt%2F10.52.0' from origin 'https://academy.hackthebox.com' has been blocked by CORS policy: No 'Access-Control-Allow-Origin' header is present on the requested resource. @ https://academy.hackthebox.com/app/library/paths:0
[  456367ms] [ERROR] Failed to load resource: net::ERR_FAILED @ https://o4510906651770960.ingest.de.sentry.io/api/4510906661863511/envelope/?sentry_version=7&sentry_key=fb892fd0847f9826a165f9b701b69c08&sentry_client=sentry.javascript.nuxt%2F10.52.0:0
[  458450ms] [ERROR] Access to fetch at 'https://o4510906651770960.ingest.de.sentry.io/api/4510906661863511/envelope/?sentry_version=7&sentry_key=fb892fd0847f9826a165f9b701b69c08&sentry_client=sentry.javascript.nuxt%2F10.52.0' from origin 'https://academy.hackthebox.com' has been blocked by CORS policy: No 'Access-Control-Allow-Origin' header is present on the requested resource. @ https://academy.hackthebox.com/app/paths/17:0
[  458450ms] [ERROR] Failed to load resource: net::ERR_FAILED @ https://o4510906651770960.ingest.de.sentry.io/api/4510906661863511/envelope/?sentry_version=7&sentry_key=fb892fd0847f9826a165f9b701b69c08&sentry_client=sentry.javascript.nuxt%2F10.52.0:0
[  458452ms] [ERROR] Access to fetch at 'https://o4510906651770960.ingest.de.sentry.io/api/4510906661863511/envelope/?sentry_version=7&sentry_key=fb892fd0847f9826a165f9b701b69c08&sentry_client=sentry.javascript.nuxt%2F10.52.0' from origin 'https://academy.hackthebox.com' has been blocked by CORS policy: No 'Access-Control-Allow-Origin' header is present on the requested resource. @ https://academy.hackthebox.com/app/paths/17:0
[  458452ms] [ERROR] Failed to load resource: net::ERR_FAILED @ https://o4510906651770960.ingest.de.sentry.io/api/4510906661863511/envelope/?sentry_version=7&sentry_key=fb892fd0847f9826a165f9b701b69c08&sentry_client=sentry.javascript.nuxt%2F10.52.0:0
[  461240ms] [ERROR] Failed to load resource: the server responded with a status of 404 () @ https://academy.hackthebox.com/_scripts/p/region1.google-analytics.com/g/collect?v=2&tid=G-TKKV7WGJ6V&gtm=45je65j1v885060163za204zd885060163&_p=1780389776304&gcd=13l3lPl2l1l1&npa=1&dma_cps=a&dma=1&_eu=AEAAAAQC&ae=a&are=1&cid=1681029371.1780385059&frm=0&pscdl=noapi&rcb=17&sr=1920x1080&uaa=x86&uab=64&uafvl=Chromium%3B148.0.7778.217%7CGoogle%2520Chrome%3B148.0.7778.217%7CNot%252FA)Brand%3B99.0.0.0&uam=&uamb=0&uap=Windows&uapv=19.0.0&uaw=0&ul=es-es&tag_exp=0~115616985~115938465~115938469&dl=https%3A%2F%2Facademy.hackthebox.com%2Fapp%2Flibrary%2Fmodules&dr=https%3A%2F%2Facademy.hackthebox.com%2Fapp%2Fdashboard&sid=1780385059&sct=1&seg=1&dt=Paths%20Library%20%7C%20Hack%20The%20Box%20Academy&_s=2&tfd=12897:0
[  462108ms] [ERROR] Access to fetch at 'https://o4510906651770960.ingest.de.sentry.io/api/4510906661863511/envelope/?sentry_version=7&sentry_key=fb892fd0847f9826a165f9b701b69c08&sentry_client=sentry.javascript.nuxt%2F10.52.0' from origin 'https://academy.hackthebox.com' has been blocked by CORS policy: No 'Access-Control-Allow-Origin' header is present on the requested resource. @ https://academy.hackthebox.com/app/paths/17/path-progress:0
[  462108ms] [ERROR] Failed to load resource: net::ERR_FAILED @ https://o4510906651770960.ingest.de.sentry.io/api/4510906661863511/envelope/?sentry_version=7&sentry_key=fb892fd0847f9826a165f9b701b69c08&sentry_client=sentry.javascript.nuxt%2F10.52.0:0
[  462108ms] [ERROR] Access to fetch at 'https://o4510906651770960.ingest.de.sentry.io/api/4510906661863511/envelope/?sentry_version=7&sentry_key=fb892fd0847f9826a165f9b701b69c08&sentry_client=sentry.javascript.nuxt%2F10.52.0' from origin 'https://academy.hackthebox.com' has been blocked by CORS policy: No 'Access-Control-Allow-Origin' header is present on the requested resource. @ https://academy.hackthebox.com/app/paths/17/path-progress:0
[  462108ms] [ERROR] Failed to load resource: net::ERR_FAILED @ https://o4510906651770960.ingest.de.sentry.io/api/4510906661863511/envelope/?sentry_version=7&sentry_key=fb892fd0847f9826a165f9b701b69c08&sentry_client=sentry.javascript.nuxt%2F10.52.0:0
[  468221ms] [ERROR] Failed to load resource: the server responded with a status of 404 () @ https://academy.hackthebox.com/_scripts/p/region1.google-analytics.com/g/collect?v=2&tid=G-TKKV7WGJ6V&gtm=45je65j1v885060163za204zd885060163&_p=1780389776304&gcd=13l3lPl2l1l1&npa=1&dma_cps=a&dma=1&_eu=AEAAAAQC&ae=a&are=1&cid=1681029371.1780385059&frm=0&pscdl=noapi&rcb=17&sr=1920x1080&uaa=x86&uab=64&uafvl=Chromium%3B148.0.7778.217%7CGoogle%2520Chrome%3B148.0.7778.217%7CNot%252FA)Brand%3B99.0.0.0&uam=&uamb=0&uap=Windows&uapv=19.0.0&uaw=0&ul=es-es&_s=3&tag_exp=0~115616985~115938465~115938469&dl=https%3A%2F%2Facademy.hackthebox.com%2Fapp%2Fpaths%2F17%2Fpath-progress&dr=https%3A%2F%2Facademy.hackthebox.com%2Fapp%2Fpaths%2F17&sid=1780385059&sct=1&seg=1&dt=Web%20Penetration%20Tester%20%7C%20Hack%20The%20Box%20Academy&en=page_view&_et=3638&tfd=19880:0
[  486677ms] [ERROR] Failed to load resource: the server responded with a status of 404 () @ https://academy.hackthebox.com/api/v2/modules/41/reviews/me:0
[  486744ms] [ERROR] Access to fetch at 'https://o4510906651770960.ingest.de.sentry.io/api/4510906661863511/envelope/?sentry_version=7&sentry_key=fb892fd0847f9826a165f9b701b69c08&sentry_client=sentry.javascript.nuxt%2F10.52.0' from origin 'https://academy.hackthebox.com' has been blocked by CORS policy: No 'Access-Control-Allow-Origin' header is present on the requested resource. @ https://academy.hackthebox.com/app/module/41:0
[  486744ms] [ERROR] Failed to load resource: net::ERR_FAILED @ https://o4510906651770960.ingest.de.sentry.io/api/4510906661863511/envelope/?sentry_version=7&sentry_key=fb892fd0847f9826a165f9b701b69c08&sentry_client=sentry.javascript.nuxt%2F10.52.0:0
[  486744ms] [ERROR] Access to fetch at 'https://o4510906651770960.ingest.de.sentry.io/api/4510906661863511/envelope/?sentry_version=7&sentry_key=fb892fd0847f9826a165f9b701b69c08&sentry_client=sentry.javascript.nuxt%2F10.52.0' from origin 'https://academy.hackthebox.com' has been blocked by CORS policy: No 'Access-Control-Allow-Origin' header is present on the requested resource. @ https://academy.hackthebox.com/app/module/41:0
[  486744ms] [ERROR] Failed to load resource: net::ERR_FAILED @ https://o4510906651770960.ingest.de.sentry.io/api/4510906661863511/envelope/?sentry_version=7&sentry_key=fb892fd0847f9826a165f9b701b69c08&sentry_client=sentry.javascript.nuxt%2F10.52.0:0
[  487449ms] [ERROR] Access to fetch at 'https://o4510906651770960.ingest.de.sentry.io/api/4510906661863511/envelope/?sentry_version=7&sentry_key=fb892fd0847f9826a165f9b701b69c08&sentry_client=sentry.javascript.nuxt%2F10.52.0' from origin 'https://academy.hackthebox.com' has been blocked by CORS policy: No 'Access-Control-Allow-Origin' header is present on the requested resource. @ https://academy.hackthebox.com/app/paths/17/path-progress:0
[  487449ms] [ERROR] Failed to load resource: net::ERR_FAILED @ https://o4510906651770960.ingest.de.sentry.io/api/4510906661863511/envelope/?sentry_version=7&sentry_key=fb892fd0847f9826a165f9b701b69c08&sentry_client=sentry.javascript.nuxt%2F10.52.0:0
[  487449ms] [ERROR] Access to fetch at 'https://o4510906651770960.ingest.de.sentry.io/api/4510906661863511/envelope/?sentry_version=7&sentry_key=fb892fd0847f9826a165f9b701b69c08&sentry_client=sentry.javascript.nuxt%2F10.52.0' from origin 'https://academy.hackthebox.com' has been blocked by CORS policy: No 'Access-Control-Allow-Origin' header is present on the requested resource. @ https://academy.hackthebox.com/app/paths/17/path-progress:0
[  487449ms] [ERROR] Failed to load resource: net::ERR_FAILED @ https://o4510906651770960.ingest.de.sentry.io/api/4510906661863511/envelope/?sentry_version=7&sentry_key=fb892fd0847f9826a165f9b701b69c08&sentry_client=sentry.javascript.nuxt%2F10.52.0:0
