[     189ms] [ERROR] Access to script at 'https://static.cloudflareinsights.com/beacon.min.js/v833ccba57c9e4d2798f2e76cebdd09a11778172276447' from origin 'https://academy.hackthebox.com' has been blocked by CORS policy: No 'Access-Control-Allow-Origin' header is present on the requested resource. @ https://academy.hackthebox.com/app/module/280:0
[     189ms] [ERROR] Failed to load resource: net::ERR_FAILED @ https://static.cloudflareinsights.com/beacon.min.js/v833ccba57c9e4d2798f2e76cebdd09a11778172276447:0
[     194ms] [ERROR] Failed to load resource: the server responded with a status of 499 () @ https://cdn.segment.com/analytics-next/bundles/ajs-destination.bundle.8e6b895db75187c55313.js:0
[     194ms] [ERROR] Refused to execute script from 'https://cdn.segment.com/analytics-next/bundles/ajs-destination.bundle.8e6b895db75187c55313.js' because its MIME type ('image/png') is not executable. @ https://academy.hackthebox.com/app/module/280:0
[     194ms] [ERROR] [analytics.js] Failed to load Analytics.js ChunkLoadError: Loading chunk 50 failed.
(error: https://cdn.segment.com/analytics-next/bundles/ajs-destination.bundle.8e6b895db75187c55313.js)
    at s.f.j (https://fygapokei.hackthebox.com/htb-anal.js/v1/eLzeD0QoARKZ42pc8AGEUYpcFLpYkf0I/htb-anal.min.js:1:46360)
    at https://fygapokei.hackthebox.com/htb-anal.js/v1/eLzeD0QoARKZ42pc8AGEUYpcFLpYkf0I/htb-anal.min.js:1:44727
    at Array.reduce (<anonymous>)
    at s.e (https://fygapokei.hackthebox.com/htb-anal.js/v1/eLzeD0QoARKZ42pc8AGEUYpcFLpYkf0I/htb-anal.min.js:1:44692)
    at https://fygapokei.hackthebox.com/htb-anal.js/v1/eLzeD0QoARKZ42pc8AGEUYpcFLpYkf0I/htb-anal.min.js:1:101680
    at https://fygapokei.hackthebox.com/htb-anal.js/v1/eLzeD0QoARKZ42pc8AGEUYpcFLpYkf0I/htb-anal.min.js:1:33689
    at Object.next (https://fygapokei.hackthebox.com/htb-anal.js/v1/eLzeD0QoARKZ42pc8AGEUYpcFLpYkf0I/htb-anal.min.js:1:33794)
    at https://fygapokei.hackthebox.com/htb-anal.js/v1/eLzeD0QoARKZ42pc8AGEUYpcFLpYkf0I/htb-anal.min.js:1:32710
    at new Promise (<anonymous>)
    at u (https://fygapokei.hackthebox.com/htb-anal.js/v1/eLzeD0QoARKZ42pc8AGEUYpcFLpYkf0I/htb-anal.min.js:1:32455) @ https://fygapokei.hackthebox.com/htb-anal.js/v1/eLzeD0QoARKZ42pc8AGEUYpcFLpYkf0I/htb-anal.min.js:0
[     513ms] [ERROR] Access to fetch at 'https://o4510906651770960.ingest.de.sentry.io/api/4510906661863511/envelope/?sentry_version=7&sentry_key=fb892fd0847f9826a165f9b701b69c08&sentry_client=sentry.javascript.nuxt%2F10.52.0' from origin 'https://academy.hackthebox.com' has been blocked by CORS policy: No 'Access-Control-Allow-Origin' header is present on the requested resource. @ https://academy.hackthebox.com/app/module/280:0
[     513ms] [ERROR] Failed to load resource: net::ERR_FAILED @ https://o4510906651770960.ingest.de.sentry.io/api/4510906661863511/envelope/?sentry_version=7&sentry_key=fb892fd0847f9826a165f9b701b69c08&sentry_client=sentry.javascript.nuxt%2F10.52.0:0
[     720ms] [ERROR] Access to fetch at 'https://api.segment.io/v1/m' from origin 'https://academy.hackthebox.com' has been blocked by CORS policy: No 'Access-Control-Allow-Origin' header is present on the requested resource. @ https://academy.hackthebox.com/app/module/280:0
[     720ms] [ERROR] Failed to load resource: net::ERR_FAILED @ https://api.segment.io/v1/m:0
[     720ms] [ERROR] Error sending segment performance metrics TypeError: Failed to fetch
    at o (https://fygapokei.hackthebox.com/htb-anal.js/v1/eLzeD0QoARKZ42pc8AGEUYpcFLpYkf0I/htb-anal.min.js:1:23763)
    at t.<anonymous> (https://fygapokei.hackthebox.com/htb-anal.js/v1/eLzeD0QoARKZ42pc8AGEUYpcFLpYkf0I/htb-anal.min.js:1:22238)
    at https://fygapokei.hackthebox.com/htb-anal.js/v1/eLzeD0QoARKZ42pc8AGEUYpcFLpYkf0I/htb-anal.min.js:1:33689
    at Object.next (https://fygapokei.hackthebox.com/htb-anal.js/v1/eLzeD0QoARKZ42pc8AGEUYpcFLpYkf0I/htb-anal.min.js:1:33794)
    at https://fygapokei.hackthebox.com/htb-anal.js/v1/eLzeD0QoARKZ42pc8AGEUYpcFLpYkf0I/htb-anal.min.js:1:32710
    at new Promise (<anonymous>)
    at u (https://fygapokei.hackthebox.com/htb-anal.js/v1/eLzeD0QoARKZ42pc8AGEUYpcFLpYkf0I/htb-anal.min.js:1:32455)
    at t.send (https://fygapokei.hackthebox.com/htb-anal.js/v1/eLzeD0QoARKZ42pc8AGEUYpcFLpYkf0I/htb-anal.min.js:1:22021)
    at t.<anonymous> (https://fygapokei.hackthebox.com/htb-anal.js/v1/eLzeD0QoARKZ42pc8AGEUYpcFLpYkf0I/htb-anal.min.js:1:21894)
    at https://fygapokei.hackthebox.com/htb-anal.js/v1/eLzeD0QoARKZ42pc8AGEUYpcFLpYkf0I/htb-anal.min.js:1:33689 @ https://academy.hackthebox.com/app/_nuxt/D8ugQId0.js:8
[    2275ms] [ERROR] Failed to load resource: the server responded with a status of 404 () @ https://academy.hackthebox.com/api/v2/modules/280/reviews/me:0
[    2549ms] [ERROR] Access to fetch at 'https://o4510906651770960.ingest.de.sentry.io/api/4510906661863511/envelope/?sentry_version=7&sentry_key=fb892fd0847f9826a165f9b701b69c08&sentry_client=sentry.javascript.nuxt%2F10.52.0' from origin 'https://academy.hackthebox.com' has been blocked by CORS policy: No 'Access-Control-Allow-Origin' header is present on the requested resource. @ https://academy.hackthebox.com/app/module/280:0
[    2549ms] [ERROR] Failed to load resource: net::ERR_FAILED @ https://o4510906651770960.ingest.de.sentry.io/api/4510906661863511/envelope/?sentry_version=7&sentry_key=fb892fd0847f9826a165f9b701b69c08&sentry_client=sentry.javascript.nuxt%2F10.52.0:0
[    2551ms] [ERROR] Access to fetch at 'https://o4510906651770960.ingest.de.sentry.io/api/4510906661863511/envelope/?sentry_version=7&sentry_key=fb892fd0847f9826a165f9b701b69c08&sentry_client=sentry.javascript.nuxt%2F10.52.0' from origin 'https://academy.hackthebox.com' has been blocked by CORS policy: No 'Access-Control-Allow-Origin' header is present on the requested resource. @ https://academy.hackthebox.com/app/module/280:0
[    2551ms] [ERROR] Failed to load resource: net::ERR_FAILED @ https://o4510906651770960.ingest.de.sentry.io/api/4510906661863511/envelope/?sentry_version=7&sentry_key=fb892fd0847f9826a165f9b701b69c08&sentry_client=sentry.javascript.nuxt%2F10.52.0:0
[    2796ms] [ERROR] Refused to execute script from 'https://consent.cookiebot.com/uc.js?cbid=c6744560-9be5-4645-9305-83ef9e0b993d' because its MIME type ('image/gif') is not executable. @ https://academy.hackthebox.com/app/module/280:0
[    7644ms] [WARNING] [Intercom] Not available after waiting. @ https://academy.hackthebox.com/app/_nuxt/D8ugQId0.js:8
[    7922ms] [WARNING] [Intercom] Not available after waiting. @ https://academy.hackthebox.com/app/_nuxt/D8ugQId0.js:8
[    8038ms] [ERROR] Failed to load resource: the server responded with a status of 404 () @ https://academy.hackthebox.com/ads.js:0
[    8039ms] [WARNING] AdBlock detection results: [Object, Object, Object, Object, Object] @ https://academy.hackthebox.com/app/_nuxt/D8ugQId0.js:8
[    8213ms] [ERROR] Failed to load resource: the server responded with a status of 404 () @ https://academy.hackthebox.com/_scripts/p/region1.google-analytics.com/g/collect?v=2&tid=G-TKKV7WGJ6V&gtm=45je65j1v885060163za204zd885060163&_p=1780387912687&gcd=13l3lPl2l1l1&npa=1&dma_cps=a&dma=1&_eu=AAAAAAQC&are=1&cid=1681029371.1780385059&frm=0&pscdl=noapi&rcb=3&sr=1920x1080&uaa=x86&uab=64&uafvl=Chromium%3B148.0.7778.217%7CGoogle%2520Chrome%3B148.0.7778.217%7CNot%252FA)Brand%3B99.0.0.0&uam=&uamb=0&uap=Windows&uapv=19.0.0&uaw=0&ul=es-es&_s=1&tag_exp=0~115938465~115938468~118012009&sid=1780385059&sct=1&seg=1&dl=https%3A%2F%2Facademy.hackthebox.com%2Fapp%2Fmodule%2F280&dt=Web%20Fuzzing%20%7C%20Hack%20The%20Box%20Academy&en=page_view&_ee=1&tfd=8090:0
[   15696ms] [ERROR] Access to fetch at 'https://o4510906651770960.ingest.de.sentry.io/api/4510906661863511/envelope/?sentry_version=7&sentry_key=fb892fd0847f9826a165f9b701b69c08&sentry_client=sentry.javascript.nuxt%2F10.52.0' from origin 'https://academy.hackthebox.com' has been blocked by CORS policy: No 'Access-Control-Allow-Origin' header is present on the requested resource. @ https://academy.hackthebox.com/app/module/280/section/3128:0
[   15696ms] [ERROR] Failed to load resource: net::ERR_FAILED @ https://o4510906651770960.ingest.de.sentry.io/api/4510906661863511/envelope/?sentry_version=7&sentry_key=fb892fd0847f9826a165f9b701b69c08&sentry_client=sentry.javascript.nuxt%2F10.52.0:0
[   15697ms] [ERROR] Access to fetch at 'https://o4510906651770960.ingest.de.sentry.io/api/4510906661863511/envelope/?sentry_version=7&sentry_key=fb892fd0847f9826a165f9b701b69c08&sentry_client=sentry.javascript.nuxt%2F10.52.0' from origin 'https://academy.hackthebox.com' has been blocked by CORS policy: No 'Access-Control-Allow-Origin' header is present on the requested resource. @ https://academy.hackthebox.com/app/module/280/section/3128:0
[   15697ms] [ERROR] Failed to load resource: net::ERR_FAILED @ https://o4510906651770960.ingest.de.sentry.io/api/4510906661863511/envelope/?sentry_version=7&sentry_key=fb892fd0847f9826a165f9b701b69c08&sentry_client=sentry.javascript.nuxt%2F10.52.0:0
[   21836ms] [ERROR] Failed to load resource: the server responded with a status of 404 () @ https://academy.hackthebox.com/_scripts/p/region1.google-analytics.com/g/collect?v=2&tid=G-TKKV7WGJ6V&gtm=45je65j1v885060163za204zd885060163&_p=1780387912687&gcd=13l3lPl2l1l1&npa=1&dma_cps=a&dma=1&_eu=AEAAAAQC&ae=a&are=1&cid=1681029371.1780385059&frm=0&pscdl=noapi&rcb=3&sr=1920x1080&uaa=x86&uab=64&uafvl=Chromium%3B148.0.7778.217%7CGoogle%2520Chrome%3B148.0.7778.217%7CNot%252FA)Brand%3B99.0.0.0&uam=&uamb=0&uap=Windows&uapv=19.0.0&uaw=0&ul=es-es&_s=2&tag_exp=0~115938465~115938468~118012009&dl=https%3A%2F%2Facademy.hackthebox.com%2Fapp%2Fmodule%2F280%2Fsection%2F3128&dr=https%3A%2F%2Facademy.hackthebox.com%2Fapp%2Fmodule%2F280&sid=1780385059&sct=1&seg=1&dt=Introduction%20%7C%20Hack%20The%20Box%20Academy&en=page_view&_et=13611&tfd=21707:0
[   69832ms] [ERROR] Access to fetch at 'https://o4510906651770960.ingest.de.sentry.io/api/4510906661863511/envelope/?sentry_version=7&sentry_key=fb892fd0847f9826a165f9b701b69c08&sentry_client=sentry.javascript.nuxt%2F10.52.0' from origin 'https://academy.hackthebox.com' has been blocked by CORS policy: No 'Access-Control-Allow-Origin' header is present on the requested resource. @ https://academy.hackthebox.com/app/module/280/section/3139:0
[   69832ms] [ERROR] Failed to load resource: net::ERR_FAILED @ https://o4510906651770960.ingest.de.sentry.io/api/4510906661863511/envelope/?sentry_version=7&sentry_key=fb892fd0847f9826a165f9b701b69c08&sentry_client=sentry.javascript.nuxt%2F10.52.0:0
[   69833ms] [ERROR] Access to fetch at 'https://o4510906651770960.ingest.de.sentry.io/api/4510906661863511/envelope/?sentry_version=7&sentry_key=fb892fd0847f9826a165f9b701b69c08&sentry_client=sentry.javascript.nuxt%2F10.52.0' from origin 'https://academy.hackthebox.com' has been blocked by CORS policy: No 'Access-Control-Allow-Origin' header is present on the requested resource. @ https://academy.hackthebox.com/app/module/280/section/3139:0
[   69833ms] [ERROR] Failed to load resource: net::ERR_FAILED @ https://o4510906651770960.ingest.de.sentry.io/api/4510906661863511/envelope/?sentry_version=7&sentry_key=fb892fd0847f9826a165f9b701b69c08&sentry_client=sentry.javascript.nuxt%2F10.52.0:0
[   75968ms] [ERROR] Failed to load resource: the server responded with a status of 404 () @ https://academy.hackthebox.com/_scripts/p/region1.google-analytics.com/g/collect?v=2&tid=G-TKKV7WGJ6V&gtm=45je65j1v885060163za204zd885060163&_p=1780387912687&gcd=13l3lPl2l1l1&npa=1&dma_cps=a&dma=1&_eu=AEAAAAQC&ae=a&are=1&cid=1681029371.1780385059&frm=0&pscdl=noapi&rcb=3&sr=1920x1080&uaa=x86&uab=64&uafvl=Chromium%3B148.0.7778.217%7CGoogle%2520Chrome%3B148.0.7778.217%7CNot%252FA)Brand%3B99.0.0.0&uam=&uamb=0&uap=Windows&uapv=19.0.0&uaw=0&ul=es-es&_s=3&tag_exp=0~115938465~115938468~118012009&dl=https%3A%2F%2Facademy.hackthebox.com%2Fapp%2Fmodule%2F280%2Fsection%2F3139&dr=https%3A%2F%2Facademy.hackthebox.com%2Fapp%2Fmodule%2F280%2Fsection%2F3128&sid=1780385059&sct=1&seg=1&dt=Tooling%20%7C%20Hack%20The%20Box%20Academy&en=page_view&_et=54131&tfd=75841:0
[  116920ms] [ERROR] Access to fetch at 'https://o4510906651770960.ingest.de.sentry.io/api/4510906661863511/envelope/?sentry_version=7&sentry_key=fb892fd0847f9826a165f9b701b69c08&sentry_client=sentry.javascript.nuxt%2F10.52.0' from origin 'https://academy.hackthebox.com' has been blocked by CORS policy: No 'Access-Control-Allow-Origin' header is present on the requested resource. @ https://academy.hackthebox.com/app/module/280/section/3129:0
[  116920ms] [ERROR] Failed to load resource: net::ERR_FAILED @ https://o4510906651770960.ingest.de.sentry.io/api/4510906661863511/envelope/?sentry_version=7&sentry_key=fb892fd0847f9826a165f9b701b69c08&sentry_client=sentry.javascript.nuxt%2F10.52.0:0
[  116922ms] [ERROR] Access to fetch at 'https://o4510906651770960.ingest.de.sentry.io/api/4510906661863511/envelope/?sentry_version=7&sentry_key=fb892fd0847f9826a165f9b701b69c08&sentry_client=sentry.javascript.nuxt%2F10.52.0' from origin 'https://academy.hackthebox.com' has been blocked by CORS policy: No 'Access-Control-Allow-Origin' header is present on the requested resource. @ https://academy.hackthebox.com/app/module/280/section/3129:0
[  116922ms] [ERROR] Failed to load resource: net::ERR_FAILED @ https://o4510906651770960.ingest.de.sentry.io/api/4510906661863511/envelope/?sentry_version=7&sentry_key=fb892fd0847f9826a165f9b701b69c08&sentry_client=sentry.javascript.nuxt%2F10.52.0:0
[  116941ms] [ERROR] Failed to load resource: the server responded with a status of 404 () @ https://academy.hackthebox.com/api/v2/modules/280/sections/3129/containers:0
[  116941ms] [ERROR] Failed to fetch section container: FetchError: [GET] "/api/v2/modules/280/sections/3129/containers": 404 
    at async l (https://academy.hackthebox.com/app/_nuxt/DBOhaI4B.js:4:72446)
    at async Proxy.s (https://academy.hackthebox.com/app/_nuxt/DBOhaI4B.js:2891:36826)
    at async ie (https://academy.hackthebox.com/app/_nuxt/B3khvXRe.js:97:132581)
    at async https://academy.hackthebox.com/app/_nuxt/B3khvXRe.js:97:135849 @ https://academy.hackthebox.com/app/_nuxt/D8ugQId0.js:8
[  117282ms] [ERROR] Failed to load resource: the server responded with a status of 404 () @ https://academy.hackthebox.com/api/v2/modules/280/sections/3129/containers:0
[  117283ms] [ERROR] Failed to fetch section container: FetchError: [GET] "/api/v2/modules/280/sections/3129/containers": 404 
    at async l (https://academy.hackthebox.com/app/_nuxt/DBOhaI4B.js:4:72446)
    at async Proxy.s (https://academy.hackthebox.com/app/_nuxt/DBOhaI4B.js:2891:36826)
    at async ie (https://academy.hackthebox.com/app/_nuxt/B3khvXRe.js:97:132581)
    at async https://academy.hackthebox.com/app/_nuxt/B3khvXRe.js:97:135849 @ https://academy.hackthebox.com/app/_nuxt/D8ugQId0.js:8
[  118584ms] [ERROR] Failed to load resource: the server responded with a status of 404 () @ https://academy.hackthebox.com/api/v2/pwnbox:0
[  118822ms] [ERROR] Failed to load resource: the server responded with a status of 404 () @ https://academy.hackthebox.com/api/v2/pwnbox:0
[  123038ms] [ERROR] Failed to load resource: the server responded with a status of 404 () @ https://academy.hackthebox.com/_scripts/p/region1.google-analytics.com/g/collect?v=2&tid=G-TKKV7WGJ6V&gtm=45je65j1v885060163za204zd885060163&_p=1780387912687&gcd=13l3lPl2l1l1&npa=1&dma_cps=a&dma=1&_eu=AEAAAAQC&ae=a&are=1&cid=1681029371.1780385059&frm=0&pscdl=noapi&rcb=3&sr=1920x1080&uaa=x86&uab=64&uafvl=Chromium%3B148.0.7778.217%7CGoogle%2520Chrome%3B148.0.7778.217%7CNot%252FA)Brand%3B99.0.0.0&uam=&uamb=0&uap=Windows&uapv=19.0.0&uaw=0&ul=es-es&_s=4&tag_exp=0~115938465~115938468~118012009&dl=https%3A%2F%2Facademy.hackthebox.com%2Fapp%2Fmodule%2F280%2Fsection%2F3129&dr=https%3A%2F%2Facademy.hackthebox.com%2Fapp%2Fmodule%2F280%2Fsection%2F3139&sid=1780385059&sct=1&seg=1&dt=Directory%20and%20File%20Fuzzing%20%7C%20Hack%20The%20Box%20Academy&en=page_view&_et=47087&tfd=122919:0
[  174845ms] [ERROR] Access to fetch at 'https://o4510906651770960.ingest.de.sentry.io/api/4510906661863511/envelope/?sentry_version=7&sentry_key=fb892fd0847f9826a165f9b701b69c08&sentry_client=sentry.javascript.nuxt%2F10.52.0' from origin 'https://academy.hackthebox.com' has been blocked by CORS policy: No 'Access-Control-Allow-Origin' header is present on the requested resource. @ https://academy.hackthebox.com/app/module/280/section/3130:0
[  174845ms] [ERROR] Failed to load resource: net::ERR_FAILED @ https://o4510906651770960.ingest.de.sentry.io/api/4510906661863511/envelope/?sentry_version=7&sentry_key=fb892fd0847f9826a165f9b701b69c08&sentry_client=sentry.javascript.nuxt%2F10.52.0:0
[  174846ms] [ERROR] Access to fetch at 'https://o4510906651770960.ingest.de.sentry.io/api/4510906661863511/envelope/?sentry_version=7&sentry_key=fb892fd0847f9826a165f9b701b69c08&sentry_client=sentry.javascript.nuxt%2F10.52.0' from origin 'https://academy.hackthebox.com' has been blocked by CORS policy: No 'Access-Control-Allow-Origin' header is present on the requested resource. @ https://academy.hackthebox.com/app/module/280/section/3130:0
[  174846ms] [ERROR] Failed to load resource: net::ERR_FAILED @ https://o4510906651770960.ingest.de.sentry.io/api/4510906661863511/envelope/?sentry_version=7&sentry_key=fb892fd0847f9826a165f9b701b69c08&sentry_client=sentry.javascript.nuxt%2F10.52.0:0
[  175124ms] [ERROR] Failed to load resource: the server responded with a status of 404 () @ https://academy.hackthebox.com/api/v2/modules/280/sections/3130/containers:0
[  175124ms] [ERROR] Failed to fetch section container: FetchError: [GET] "/api/v2/modules/280/sections/3130/containers": 404 
    at async l (https://academy.hackthebox.com/app/_nuxt/DBOhaI4B.js:4:72446)
    at async Proxy.s (https://academy.hackthebox.com/app/_nuxt/DBOhaI4B.js:2891:36826)
    at async ie (https://academy.hackthebox.com/app/_nuxt/B3khvXRe.js:97:132581)
    at async https://academy.hackthebox.com/app/_nuxt/B3khvXRe.js:97:135849 @ https://academy.hackthebox.com/app/_nuxt/D8ugQId0.js:8
[  176992ms] [ERROR] Failed to load resource: the server responded with a status of 404 () @ https://academy.hackthebox.com/api/v2/pwnbox:0
[  180990ms] [ERROR] Failed to load resource: the server responded with a status of 404 () @ https://academy.hackthebox.com/_scripts/p/region1.google-analytics.com/g/collect?v=2&tid=G-TKKV7WGJ6V&gtm=45je65j1v885060163za204zd885060163&_p=1780387912687&gcd=13l3lPl2l1l1&npa=1&dma_cps=a&dma=1&_eu=AEAAAAQC&ae=a&are=1&cid=1681029371.1780385059&frm=0&pscdl=noapi&rcb=3&sr=1920x1080&uaa=x86&uab=64&uafvl=Chromium%3B148.0.7778.217%7CGoogle%2520Chrome%3B148.0.7778.217%7CNot%252FA)Brand%3B99.0.0.0&uam=&uamb=0&uap=Windows&uapv=19.0.0&uaw=0&ul=es-es&_s=5&tag_exp=0~115938465~115938468~118012009&dl=https%3A%2F%2Facademy.hackthebox.com%2Fapp%2Fmodule%2F280%2Fsection%2F3130&dr=https%3A%2F%2Facademy.hackthebox.com%2Fapp%2Fmodule%2F280%2Fsection%2F3129&sid=1780385059&sct=1&seg=1&dt=Recursive%20Fuzzing%20%7C%20Hack%20The%20Box%20Academy&en=page_view&_et=57930&tfd=180858:0
[  228474ms] [ERROR] Access to fetch at 'https://o4510906651770960.ingest.de.sentry.io/api/4510906661863511/envelope/?sentry_version=7&sentry_key=fb892fd0847f9826a165f9b701b69c08&sentry_client=sentry.javascript.nuxt%2F10.52.0' from origin 'https://academy.hackthebox.com' has been blocked by CORS policy: No 'Access-Control-Allow-Origin' header is present on the requested resource. @ https://academy.hackthebox.com/app/module/280/section/3131:0
[  228474ms] [ERROR] Failed to load resource: net::ERR_FAILED @ https://o4510906651770960.ingest.de.sentry.io/api/4510906661863511/envelope/?sentry_version=7&sentry_key=fb892fd0847f9826a165f9b701b69c08&sentry_client=sentry.javascript.nuxt%2F10.52.0:0
[  228474ms] [ERROR] Access to fetch at 'https://o4510906651770960.ingest.de.sentry.io/api/4510906661863511/envelope/?sentry_version=7&sentry_key=fb892fd0847f9826a165f9b701b69c08&sentry_client=sentry.javascript.nuxt%2F10.52.0' from origin 'https://academy.hackthebox.com' has been blocked by CORS policy: No 'Access-Control-Allow-Origin' header is present on the requested resource. @ https://academy.hackthebox.com/app/module/280/section/3131:0
[  228474ms] [ERROR] Failed to load resource: net::ERR_FAILED @ https://o4510906651770960.ingest.de.sentry.io/api/4510906661863511/envelope/?sentry_version=7&sentry_key=fb892fd0847f9826a165f9b701b69c08&sentry_client=sentry.javascript.nuxt%2F10.52.0:0
[  228801ms] [ERROR] Failed to load resource: the server responded with a status of 404 () @ https://academy.hackthebox.com/api/v2/modules/280/sections/3131/containers:0
[  228801ms] [ERROR] Failed to fetch section container: FetchError: [GET] "/api/v2/modules/280/sections/3131/containers": 404 
    at async l (https://academy.hackthebox.com/app/_nuxt/DBOhaI4B.js:4:72446)
    at async Proxy.s (https://academy.hackthebox.com/app/_nuxt/DBOhaI4B.js:2891:36826)
    at async ie (https://academy.hackthebox.com/app/_nuxt/B3khvXRe.js:97:132581)
    at async https://academy.hackthebox.com/app/_nuxt/B3khvXRe.js:97:135849 @ https://academy.hackthebox.com/app/_nuxt/D8ugQId0.js:8
[  230412ms] [ERROR] Failed to load resource: the server responded with a status of 404 () @ https://academy.hackthebox.com/api/v2/pwnbox:0
[  234599ms] [ERROR] Failed to load resource: the server responded with a status of 404 () @ https://academy.hackthebox.com/_scripts/p/region1.google-analytics.com/g/collect?v=2&tid=G-TKKV7WGJ6V&gtm=45je65j1v885060163za204zd885060163&_p=1780387912687&gcd=13l3lPl2l1l1&npa=1&dma_cps=a&dma=1&_eu=AEAAAAQC&ae=a&are=1&cid=1681029371.1780385059&frm=0&pscdl=noapi&rcb=3&sr=1920x1080&uaa=x86&uab=64&uafvl=Chromium%3B148.0.7778.217%7CGoogle%2520Chrome%3B148.0.7778.217%7CNot%252FA)Brand%3B99.0.0.0&uam=&uamb=0&uap=Windows&uapv=19.0.0&uaw=0&ul=es-es&_s=6&tag_exp=0~115938465~115938468~118012009&dl=https%3A%2F%2Facademy.hackthebox.com%2Fapp%2Fmodule%2F280%2Fsection%2F3131&dr=https%3A%2F%2Facademy.hackthebox.com%2Fapp%2Fmodule%2F280%2Fsection%2F3130&sid=1780385059&sct=1&seg=1&dt=Parameter%20and%20Value%20Fuzzing%20%7C%20Hack%20The%20Box%20Academy&en=page_view&_et=53625&tfd=234481:0
[  292071ms] [ERROR] Access to fetch at 'https://o4510906651770960.ingest.de.sentry.io/api/4510906661863511/envelope/?sentry_version=7&sentry_key=fb892fd0847f9826a165f9b701b69c08&sentry_client=sentry.javascript.nuxt%2F10.52.0' from origin 'https://academy.hackthebox.com' has been blocked by CORS policy: No 'Access-Control-Allow-Origin' header is present on the requested resource. @ https://academy.hackthebox.com/app/module/280/section/3132:0
[  292071ms] [ERROR] Failed to load resource: net::ERR_FAILED @ https://o4510906651770960.ingest.de.sentry.io/api/4510906661863511/envelope/?sentry_version=7&sentry_key=fb892fd0847f9826a165f9b701b69c08&sentry_client=sentry.javascript.nuxt%2F10.52.0:0
[  292072ms] [ERROR] Access to fetch at 'https://o4510906651770960.ingest.de.sentry.io/api/4510906661863511/envelope/?sentry_version=7&sentry_key=fb892fd0847f9826a165f9b701b69c08&sentry_client=sentry.javascript.nuxt%2F10.52.0' from origin 'https://academy.hackthebox.com' has been blocked by CORS policy: No 'Access-Control-Allow-Origin' header is present on the requested resource. @ https://academy.hackthebox.com/app/module/280/section/3132:0
[  292072ms] [ERROR] Failed to load resource: net::ERR_FAILED @ https://o4510906651770960.ingest.de.sentry.io/api/4510906661863511/envelope/?sentry_version=7&sentry_key=fb892fd0847f9826a165f9b701b69c08&sentry_client=sentry.javascript.nuxt%2F10.52.0:0
[  292367ms] [ERROR] Failed to load resource: the server responded with a status of 404 () @ https://academy.hackthebox.com/api/v2/modules/280/sections/3132/containers:0
[  292368ms] [ERROR] Failed to fetch section container: FetchError: [GET] "/api/v2/modules/280/sections/3132/containers": 404 
    at async l (https://academy.hackthebox.com/app/_nuxt/DBOhaI4B.js:4:72446)
    at async Proxy.s (https://academy.hackthebox.com/app/_nuxt/DBOhaI4B.js:2891:36826)
    at async ie (https://academy.hackthebox.com/app/_nuxt/B3khvXRe.js:97:132581)
    at async https://academy.hackthebox.com/app/_nuxt/B3khvXRe.js:97:135849 @ https://academy.hackthebox.com/app/_nuxt/D8ugQId0.js:8
[  293996ms] [ERROR] Failed to load resource: the server responded with a status of 404 () @ https://academy.hackthebox.com/api/v2/pwnbox:0
[  298215ms] [ERROR] Failed to load resource: the server responded with a status of 404 () @ https://academy.hackthebox.com/_scripts/p/region1.google-analytics.com/g/collect?v=2&tid=G-TKKV7WGJ6V&gtm=45je65j1v885060163za204zd885060163&_p=1780387912687&gcd=13l3lPl2l1l1&npa=1&dma_cps=a&dma=1&_eu=AEAAAAQC&ae=a&are=1&cid=1681029371.1780385059&frm=0&pscdl=noapi&rcb=3&sr=1920x1080&uaa=x86&uab=64&uafvl=Chromium%3B148.0.7778.217%7CGoogle%2520Chrome%3B148.0.7778.217%7CNot%252FA)Brand%3B99.0.0.0&uam=&uamb=0&uap=Windows&uapv=19.0.0&uaw=0&ul=es-es&_s=7&tag_exp=0~115938465~115938468~118012009&dl=https%3A%2F%2Facademy.hackthebox.com%2Fapp%2Fmodule%2F280%2Fsection%2F3132&dr=https%3A%2F%2Facademy.hackthebox.com%2Fapp%2Fmodule%2F280%2Fsection%2F3131&sid=1780385059&sct=1&seg=1&dt=Virtual%20Host%20and%20Subdomain%20Fuzzing%20%7C%20Hack%20The%20Box%20Academy&en=page_view&_et=63601&tfd=298091:0
[  343251ms] [ERROR] Access to fetch at 'https://o4510906651770960.ingest.de.sentry.io/api/4510906661863511/envelope/?sentry_version=7&sentry_key=fb892fd0847f9826a165f9b701b69c08&sentry_client=sentry.javascript.nuxt%2F10.52.0' from origin 'https://academy.hackthebox.com' has been blocked by CORS policy: No 'Access-Control-Allow-Origin' header is present on the requested resource. @ https://academy.hackthebox.com/app/module/280/section/3133:0
[  343251ms] [ERROR] Failed to load resource: net::ERR_FAILED @ https://o4510906651770960.ingest.de.sentry.io/api/4510906661863511/envelope/?sentry_version=7&sentry_key=fb892fd0847f9826a165f9b701b69c08&sentry_client=sentry.javascript.nuxt%2F10.52.0:0
[  343252ms] [ERROR] Access to fetch at 'https://o4510906651770960.ingest.de.sentry.io/api/4510906661863511/envelope/?sentry_version=7&sentry_key=fb892fd0847f9826a165f9b701b69c08&sentry_client=sentry.javascript.nuxt%2F10.52.0' from origin 'https://academy.hackthebox.com' has been blocked by CORS policy: No 'Access-Control-Allow-Origin' header is present on the requested resource. @ https://academy.hackthebox.com/app/module/280/section/3133:0
[  343252ms] [ERROR] Failed to load resource: net::ERR_FAILED @ https://o4510906651770960.ingest.de.sentry.io/api/4510906661863511/envelope/?sentry_version=7&sentry_key=fb892fd0847f9826a165f9b701b69c08&sentry_client=sentry.javascript.nuxt%2F10.52.0:0
[  343591ms] [ERROR] Failed to load resource: the server responded with a status of 404 () @ https://academy.hackthebox.com/api/v2/modules/280/sections/3133/containers:0
[  343591ms] [ERROR] Failed to fetch section container: FetchError: [GET] "/api/v2/modules/280/sections/3133/containers": 404 
    at async l (https://academy.hackthebox.com/app/_nuxt/DBOhaI4B.js:4:72446)
    at async Proxy.s (https://academy.hackthebox.com/app/_nuxt/DBOhaI4B.js:2891:36826)
    at async ie (https://academy.hackthebox.com/app/_nuxt/B3khvXRe.js:97:132581)
    at async https://academy.hackthebox.com/app/_nuxt/B3khvXRe.js:97:135849 @ https://academy.hackthebox.com/app/_nuxt/D8ugQId0.js:8
[  345198ms] [ERROR] Failed to load resource: the server responded with a status of 404 () @ https://academy.hackthebox.com/api/v2/pwnbox:0
[  349407ms] [ERROR] Failed to load resource: the server responded with a status of 404 () @ https://academy.hackthebox.com/_scripts/p/region1.google-analytics.com/g/collect?v=2&tid=G-TKKV7WGJ6V&gtm=45je65j1v885060163za204zd885060163&_p=1780387912687&gcd=13l3lPl2l1l1&npa=1&dma_cps=a&dma=1&_eu=AEAAAAQC&ae=a&are=1&cid=1681029371.1780385059&frm=0&pscdl=noapi&rcb=3&sr=1920x1080&uaa=x86&uab=64&uafvl=Chromium%3B148.0.7778.217%7CGoogle%2520Chrome%3B148.0.7778.217%7CNot%252FA)Brand%3B99.0.0.0&uam=&uamb=0&uap=Windows&uapv=19.0.0&uaw=0&ul=es-es&_s=8&tag_exp=0~115938465~115938468~118012009&dl=https%3A%2F%2Facademy.hackthebox.com%2Fapp%2Fmodule%2F280%2Fsection%2F3133&dr=https%3A%2F%2Facademy.hackthebox.com%2Fapp%2Fmodule%2F280%2Fsection%2F3132&sid=1780385059&sct=1&seg=1&dt=Filtering%20Fuzzing%20Output%20%7C%20Hack%20The%20Box%20Academy&en=page_view&_et=51174&tfd=349257:0
[  406547ms] [ERROR] Access to fetch at 'https://o4510906651770960.ingest.de.sentry.io/api/4510906661863511/envelope/?sentry_version=7&sentry_key=fb892fd0847f9826a165f9b701b69c08&sentry_client=sentry.javascript.nuxt%2F10.52.0' from origin 'https://academy.hackthebox.com' has been blocked by CORS policy: No 'Access-Control-Allow-Origin' header is present on the requested resource. @ https://academy.hackthebox.com/app/module/280/section/3134:0
[  406547ms] [ERROR] Failed to load resource: net::ERR_FAILED @ https://o4510906651770960.ingest.de.sentry.io/api/4510906661863511/envelope/?sentry_version=7&sentry_key=fb892fd0847f9826a165f9b701b69c08&sentry_client=sentry.javascript.nuxt%2F10.52.0:0
[  406547ms] [ERROR] Access to fetch at 'https://o4510906651770960.ingest.de.sentry.io/api/4510906661863511/envelope/?sentry_version=7&sentry_key=fb892fd0847f9826a165f9b701b69c08&sentry_client=sentry.javascript.nuxt%2F10.52.0' from origin 'https://academy.hackthebox.com' has been blocked by CORS policy: No 'Access-Control-Allow-Origin' header is present on the requested resource. @ https://academy.hackthebox.com/app/module/280/section/3134:0
[  406547ms] [ERROR] Failed to load resource: net::ERR_FAILED @ https://o4510906651770960.ingest.de.sentry.io/api/4510906661863511/envelope/?sentry_version=7&sentry_key=fb892fd0847f9826a165f9b701b69c08&sentry_client=sentry.javascript.nuxt%2F10.52.0:0
[  406891ms] [ERROR] Failed to load resource: the server responded with a status of 404 () @ https://academy.hackthebox.com/api/v2/modules/280/sections/3134/containers:0
[  406892ms] [ERROR] Failed to fetch section container: FetchError: [GET] "/api/v2/modules/280/sections/3134/containers": 404 
    at async l (https://academy.hackthebox.com/app/_nuxt/DBOhaI4B.js:4:72446)
    at async Proxy.s (https://academy.hackthebox.com/app/_nuxt/DBOhaI4B.js:2891:36826)
    at async ie (https://academy.hackthebox.com/app/_nuxt/B3khvXRe.js:97:132581)
    at async https://academy.hackthebox.com/app/_nuxt/B3khvXRe.js:97:135849 @ https://academy.hackthebox.com/app/_nuxt/D8ugQId0.js:8
[  408486ms] [ERROR] Failed to load resource: the server responded with a status of 404 () @ https://academy.hackthebox.com/api/v2/pwnbox:0
[  412759ms] [ERROR] Failed to load resource: the server responded with a status of 404 () @ https://academy.hackthebox.com/_scripts/p/region1.google-analytics.com/g/collect?v=2&tid=G-TKKV7WGJ6V&gtm=45je65j1v885060163za204zd885060163&_p=1780387912687&gcd=13l3lPl2l1l1&npa=1&dma_cps=a&dma=1&_eu=AEAAAAQC&ae=a&are=1&cid=1681029371.1780385059&frm=0&pscdl=noapi&rcb=3&sr=1920x1080&uaa=x86&uab=64&uafvl=Chromium%3B148.0.7778.217%7CGoogle%2520Chrome%3B148.0.7778.217%7CNot%252FA)Brand%3B99.0.0.0&uam=&uamb=0&uap=Windows&uapv=19.0.0&uaw=0&ul=es-es&_s=9&tag_exp=0~115938465~115938468~118012009&dl=https%3A%2F%2Facademy.hackthebox.com%2Fapp%2Fmodule%2F280%2Fsection%2F3134&dr=https%3A%2F%2Facademy.hackthebox.com%2Fapp%2Fmodule%2F280%2Fsection%2F3133&sid=1780385059&sct=1&seg=1&dt=Validating%20Findings%20%7C%20Hack%20The%20Box%20Academy&en=page_view&_et=63291&tfd=412554:0
[  459767ms] [ERROR] Access to fetch at 'https://o4510906651770960.ingest.de.sentry.io/api/4510906661863511/envelope/?sentry_version=7&sentry_key=fb892fd0847f9826a165f9b701b69c08&sentry_client=sentry.javascript.nuxt%2F10.52.0' from origin 'https://academy.hackthebox.com' has been blocked by CORS policy: No 'Access-Control-Allow-Origin' header is present on the requested resource. @ https://academy.hackthebox.com/app/module/280/section/3135:0
[  459767ms] [ERROR] Failed to load resource: net::ERR_FAILED @ https://o4510906651770960.ingest.de.sentry.io/api/4510906661863511/envelope/?sentry_version=7&sentry_key=fb892fd0847f9826a165f9b701b69c08&sentry_client=sentry.javascript.nuxt%2F10.52.0:0
[  459767ms] [ERROR] Access to fetch at 'https://o4510906651770960.ingest.de.sentry.io/api/4510906661863511/envelope/?sentry_version=7&sentry_key=fb892fd0847f9826a165f9b701b69c08&sentry_client=sentry.javascript.nuxt%2F10.52.0' from origin 'https://academy.hackthebox.com' has been blocked by CORS policy: No 'Access-Control-Allow-Origin' header is present on the requested resource. @ https://academy.hackthebox.com/app/module/280/section/3135:0
[  459768ms] [ERROR] Failed to load resource: net::ERR_FAILED @ https://o4510906651770960.ingest.de.sentry.io/api/4510906661863511/envelope/?sentry_version=7&sentry_key=fb892fd0847f9826a165f9b701b69c08&sentry_client=sentry.javascript.nuxt%2F10.52.0:0
[  465850ms] [ERROR] Failed to load resource: the server responded with a status of 404 () @ https://academy.hackthebox.com/_scripts/p/region1.google-analytics.com/g/collect?v=2&tid=G-TKKV7WGJ6V&gtm=45je65j1v885060163za204zd885060163&_p=1780387912687&gcd=13l3lPl2l1l1&npa=1&dma_cps=a&dma=1&_eu=AEAAAAQC&ae=a&are=1&cid=1681029371.1780385059&frm=0&pscdl=noapi&rcb=3&sr=1920x1080&uaa=x86&uab=64&uafvl=Chromium%3B148.0.7778.217%7CGoogle%2520Chrome%3B148.0.7778.217%7CNot%252FA)Brand%3B99.0.0.0&uam=&uamb=0&uap=Windows&uapv=19.0.0&uaw=0&ul=es-es&_s=10&tag_exp=0~115938465~115938468~118012009&dl=https%3A%2F%2Facademy.hackthebox.com%2Fapp%2Fmodule%2F280%2Fsection%2F3135&dr=https%3A%2F%2Facademy.hackthebox.com%2Fapp%2Fmodule%2F280%2Fsection%2F3134&sid=1780385059&sct=1&seg=1&dt=Web%20APIs%20%7C%20Hack%20The%20Box%20Academy&en=page_view&_et=53183&tfd=465739:0
[  469232ms] [ERROR] Access to fetch at 'https://o4510906651770960.ingest.de.sentry.io/api/4510906661863511/envelope/?sentry_version=7&sentry_key=fb892fd0847f9826a165f9b701b69c08&sentry_client=sentry.javascript.nuxt%2F10.52.0' from origin 'https://academy.hackthebox.com' has been blocked by CORS policy: No 'Access-Control-Allow-Origin' header is present on the requested resource. @ https://academy.hackthebox.com/app/module/280/section/3136:0
[  469233ms] [ERROR] Failed to load resource: net::ERR_FAILED @ https://o4510906651770960.ingest.de.sentry.io/api/4510906661863511/envelope/?sentry_version=7&sentry_key=fb892fd0847f9826a165f9b701b69c08&sentry_client=sentry.javascript.nuxt%2F10.52.0:0
[  469233ms] [ERROR] Access to fetch at 'https://o4510906651770960.ingest.de.sentry.io/api/4510906661863511/envelope/?sentry_version=7&sentry_key=fb892fd0847f9826a165f9b701b69c08&sentry_client=sentry.javascript.nuxt%2F10.52.0' from origin 'https://academy.hackthebox.com' has been blocked by CORS policy: No 'Access-Control-Allow-Origin' header is present on the requested resource. @ https://academy.hackthebox.com/app/module/280/section/3136:0
[  469233ms] [ERROR] Failed to load resource: net::ERR_FAILED @ https://o4510906651770960.ingest.de.sentry.io/api/4510906661863511/envelope/?sentry_version=7&sentry_key=fb892fd0847f9826a165f9b701b69c08&sentry_client=sentry.javascript.nuxt%2F10.52.0:0
[  475391ms] [ERROR] Failed to load resource: the server responded with a status of 404 () @ https://academy.hackthebox.com/_scripts/p/region1.google-analytics.com/g/collect?v=2&tid=G-TKKV7WGJ6V&gtm=45je65j1v885060163za204zd885060163&_p=1780387912687&gcd=13l3lPl2l1l1&npa=1&dma_cps=a&dma=1&_eu=AEAAAAQC&ae=a&are=1&cid=1681029371.1780385059&frm=0&pscdl=noapi&rcb=3&sr=1920x1080&uaa=x86&uab=64&uafvl=Chromium%3B148.0.7778.217%7CGoogle%2520Chrome%3B148.0.7778.217%7CNot%252FA)Brand%3B99.0.0.0&uam=&uamb=0&uap=Windows&uapv=19.0.0&uaw=0&ul=es-es&_s=11&tag_exp=0~115938465~115938468~118012009&dl=https%3A%2F%2Facademy.hackthebox.com%2Fapp%2Fmodule%2F280%2Fsection%2F3136&dr=https%3A%2F%2Facademy.hackthebox.com%2Fapp%2Fmodule%2F280%2Fsection%2F3135&sid=1780385059&sct=1&seg=1&dt=Identifying%20Endpoints%20%7C%20Hack%20The%20Box%20Academy&en=page_view&_et=9509&tfd=475248:0
[  532058ms] [ERROR] Access to fetch at 'https://o4510906651770960.ingest.de.sentry.io/api/4510906661863511/envelope/?sentry_version=7&sentry_key=fb892fd0847f9826a165f9b701b69c08&sentry_client=sentry.javascript.nuxt%2F10.52.0' from origin 'https://academy.hackthebox.com' has been blocked by CORS policy: No 'Access-Control-Allow-Origin' header is present on the requested resource. @ https://academy.hackthebox.com/app/module/280/section/3137:0
[  532058ms] [ERROR] Failed to load resource: net::ERR_FAILED @ https://o4510906651770960.ingest.de.sentry.io/api/4510906661863511/envelope/?sentry_version=7&sentry_key=fb892fd0847f9826a165f9b701b69c08&sentry_client=sentry.javascript.nuxt%2F10.52.0:0
[  532058ms] [ERROR] Access to fetch at 'https://o4510906651770960.ingest.de.sentry.io/api/4510906661863511/envelope/?sentry_version=7&sentry_key=fb892fd0847f9826a165f9b701b69c08&sentry_client=sentry.javascript.nuxt%2F10.52.0' from origin 'https://academy.hackthebox.com' has been blocked by CORS policy: No 'Access-Control-Allow-Origin' header is present on the requested resource. @ https://academy.hackthebox.com/app/module/280/section/3137:0
[  532058ms] [ERROR] Failed to load resource: net::ERR_FAILED @ https://o4510906651770960.ingest.de.sentry.io/api/4510906661863511/envelope/?sentry_version=7&sentry_key=fb892fd0847f9826a165f9b701b69c08&sentry_client=sentry.javascript.nuxt%2F10.52.0:0
[  532141ms] [ERROR] Failed to load resource: the server responded with a status of 404 () @ https://academy.hackthebox.com/api/v2/modules/280/sections/3137/containers:0
[  532142ms] [ERROR] Failed to fetch section container: FetchError: [GET] "/api/v2/modules/280/sections/3137/containers": 404 
    at async l (https://academy.hackthebox.com/app/_nuxt/DBOhaI4B.js:4:72446)
    at async Proxy.s (https://academy.hackthebox.com/app/_nuxt/DBOhaI4B.js:2891:36826)
    at async ie (https://academy.hackthebox.com/app/_nuxt/B3khvXRe.js:97:132581)
    at async https://academy.hackthebox.com/app/_nuxt/B3khvXRe.js:97:135849 @ https://academy.hackthebox.com/app/_nuxt/D8ugQId0.js:8
[  532350ms] [ERROR] Failed to load resource: the server responded with a status of 404 () @ https://academy.hackthebox.com/api/v2/modules/280/sections/3137/containers:0
[  532350ms] [ERROR] Failed to fetch section container: FetchError: [GET] "/api/v2/modules/280/sections/3137/containers": 404 
    at async l (https://academy.hackthebox.com/app/_nuxt/DBOhaI4B.js:4:72446)
    at async Proxy.s (https://academy.hackthebox.com/app/_nuxt/DBOhaI4B.js:2891:36826)
    at async ie (https://academy.hackthebox.com/app/_nuxt/B3khvXRe.js:97:132581)
    at async https://academy.hackthebox.com/app/_nuxt/B3khvXRe.js:97:135849 @ https://academy.hackthebox.com/app/_nuxt/D8ugQId0.js:8
[  533683ms] [ERROR] Failed to load resource: the server responded with a status of 404 () @ https://academy.hackthebox.com/api/v2/pwnbox:0
[  533987ms] [ERROR] Failed to load resource: the server responded with a status of 404 () @ https://academy.hackthebox.com/api/v2/pwnbox:0
[  538185ms] [ERROR] Failed to load resource: the server responded with a status of 404 () @ https://academy.hackthebox.com/_scripts/p/region1.google-analytics.com/g/collect?v=2&tid=G-TKKV7WGJ6V&gtm=45je65j1v885060163za204zd885060163&_p=1780387912687&gcd=13l3lPl2l1l1&npa=1&dma_cps=a&dma=1&_eu=AEAAAAQC&ae=a&are=1&cid=1681029371.1780385059&frm=0&pscdl=noapi&rcb=3&sr=1920x1080&uaa=x86&uab=64&uafvl=Chromium%3B148.0.7778.217%7CGoogle%2520Chrome%3B148.0.7778.217%7CNot%252FA)Brand%3B99.0.0.0&uam=&uamb=0&uap=Windows&uapv=19.0.0&uaw=0&ul=es-es&_s=12&tag_exp=0~115938465~115938468~118012009&dl=https%3A%2F%2Facademy.hackthebox.com%2Fapp%2Fmodule%2F280%2Fsection%2F3137&dr=https%3A%2F%2Facademy.hackthebox.com%2Fapp%2Fmodule%2F280%2Fsection%2F3136&sid=1780385059&sct=1&seg=1&dt=API%20Fuzzing%20%7C%20Hack%20The%20Box%20Academy&en=page_view&_et=62810&tfd=538059:0
