[     103ms] [ERROR] Access to script at 'https://static.cloudflareinsights.com/beacon.min.js/v833ccba57c9e4d2798f2e76cebdd09a11778172276447' from origin 'https://academy.hackthebox.com' has been blocked by CORS policy: No 'Access-Control-Allow-Origin' header is present on the requested resource. @ https://academy.hackthebox.com/app/module/144:0
[     103ms] [ERROR] Failed to load resource: net::ERR_FAILED @ https://static.cloudflareinsights.com/beacon.min.js/v833ccba57c9e4d2798f2e76cebdd09a11778172276447:0
[     107ms] [ERROR] Failed to load resource: the server responded with a status of 499 () @ https://cdn.segment.com/analytics-next/bundles/ajs-destination.bundle.8e6b895db75187c55313.js:0
[     107ms] [ERROR] Refused to execute script from 'https://cdn.segment.com/analytics-next/bundles/ajs-destination.bundle.8e6b895db75187c55313.js' because its MIME type ('image/png') is not executable. @ https://academy.hackthebox.com/app/module/144:0
[     200ms] [ERROR] [analytics.js] Failed to load Analytics.js ChunkLoadError: Loading chunk 50 failed.
(error: https://cdn.segment.com/analytics-next/bundles/ajs-destination.bundle.8e6b895db75187c55313.js)
    at s.f.j (https://fygapokei.hackthebox.com/htb-anal.js/v1/eLzeD0QoARKZ42pc8AGEUYpcFLpYkf0I/htb-anal.min.js:1:46360)
    at https://fygapokei.hackthebox.com/htb-anal.js/v1/eLzeD0QoARKZ42pc8AGEUYpcFLpYkf0I/htb-anal.min.js:1:44727
    at Array.reduce (<anonymous>)
    at s.e (https://fygapokei.hackthebox.com/htb-anal.js/v1/eLzeD0QoARKZ42pc8AGEUYpcFLpYkf0I/htb-anal.min.js:1:44692)
    at https://fygapokei.hackthebox.com/htb-anal.js/v1/eLzeD0QoARKZ42pc8AGEUYpcFLpYkf0I/htb-anal.min.js:1:101680
    at https://fygapokei.hackthebox.com/htb-anal.js/v1/eLzeD0QoARKZ42pc8AGEUYpcFLpYkf0I/htb-anal.min.js:1:33689
    at Object.next (https://fygapokei.hackthebox.com/htb-anal.js/v1/eLzeD0QoARKZ42pc8AGEUYpcFLpYkf0I/htb-anal.min.js:1:33794)
    at https://fygapokei.hackthebox.com/htb-anal.js/v1/eLzeD0QoARKZ42pc8AGEUYpcFLpYkf0I/htb-anal.min.js:1:32710
    at new Promise (<anonymous>)
    at u (https://fygapokei.hackthebox.com/htb-anal.js/v1/eLzeD0QoARKZ42pc8AGEUYpcFLpYkf0I/htb-anal.min.js:1:32455) @ https://fygapokei.hackthebox.com/htb-anal.js/v1/eLzeD0QoARKZ42pc8AGEUYpcFLpYkf0I/htb-anal.min.js:0
[     202ms] [ERROR] Access to fetch at 'https://api.segment.io/v1/m' from origin 'https://academy.hackthebox.com' has been blocked by CORS policy: No 'Access-Control-Allow-Origin' header is present on the requested resource. @ https://academy.hackthebox.com/app/module/144:0
[     202ms] [ERROR] Failed to load resource: net::ERR_FAILED @ https://api.segment.io/v1/m:0
[     202ms] [ERROR] Error sending segment performance metrics TypeError: Failed to fetch
    at o (https://fygapokei.hackthebox.com/htb-anal.js/v1/eLzeD0QoARKZ42pc8AGEUYpcFLpYkf0I/htb-anal.min.js:1:23763)
    at t.<anonymous> (https://fygapokei.hackthebox.com/htb-anal.js/v1/eLzeD0QoARKZ42pc8AGEUYpcFLpYkf0I/htb-anal.min.js:1:22238)
    at https://fygapokei.hackthebox.com/htb-anal.js/v1/eLzeD0QoARKZ42pc8AGEUYpcFLpYkf0I/htb-anal.min.js:1:33689
    at Object.next (https://fygapokei.hackthebox.com/htb-anal.js/v1/eLzeD0QoARKZ42pc8AGEUYpcFLpYkf0I/htb-anal.min.js:1:33794)
    at https://fygapokei.hackthebox.com/htb-anal.js/v1/eLzeD0QoARKZ42pc8AGEUYpcFLpYkf0I/htb-anal.min.js:1:32710
    at new Promise (<anonymous>)
    at u (https://fygapokei.hackthebox.com/htb-anal.js/v1/eLzeD0QoARKZ42pc8AGEUYpcFLpYkf0I/htb-anal.min.js:1:32455)
    at t.send (https://fygapokei.hackthebox.com/htb-anal.js/v1/eLzeD0QoARKZ42pc8AGEUYpcFLpYkf0I/htb-anal.min.js:1:22021)
    at t.<anonymous> (https://fygapokei.hackthebox.com/htb-anal.js/v1/eLzeD0QoARKZ42pc8AGEUYpcFLpYkf0I/htb-anal.min.js:1:21894)
    at https://fygapokei.hackthebox.com/htb-anal.js/v1/eLzeD0QoARKZ42pc8AGEUYpcFLpYkf0I/htb-anal.min.js:1:33689 @ https://fygapokei.hackthebox.com/htb-anal.js/v1/eLzeD0QoARKZ42pc8AGEUYpcFLpYkf0I/htb-anal.min.js:0
[     403ms] [ERROR] Access to fetch at 'https://o4510906651770960.ingest.de.sentry.io/api/4510906661863511/envelope/?sentry_version=7&sentry_key=fb892fd0847f9826a165f9b701b69c08&sentry_client=sentry.javascript.nuxt%2F10.52.0' from origin 'https://academy.hackthebox.com' has been blocked by CORS policy: No 'Access-Control-Allow-Origin' header is present on the requested resource. @ https://academy.hackthebox.com/app/module/144:0
[     403ms] [ERROR] Failed to load resource: net::ERR_FAILED @ https://o4510906651770960.ingest.de.sentry.io/api/4510906661863511/envelope/?sentry_version=7&sentry_key=fb892fd0847f9826a165f9b701b69c08&sentry_client=sentry.javascript.nuxt%2F10.52.0:0
[    2149ms] [ERROR] Failed to load resource: the server responded with a status of 404 () @ https://academy.hackthebox.com/api/v2/modules/144/reviews/me:0
[    2402ms] [ERROR] Access to fetch at 'https://o4510906651770960.ingest.de.sentry.io/api/4510906661863511/envelope/?sentry_version=7&sentry_key=fb892fd0847f9826a165f9b701b69c08&sentry_client=sentry.javascript.nuxt%2F10.52.0' from origin 'https://academy.hackthebox.com' has been blocked by CORS policy: No 'Access-Control-Allow-Origin' header is present on the requested resource. @ https://academy.hackthebox.com/app/module/144:0
[    2402ms] [ERROR] Failed to load resource: net::ERR_FAILED @ https://o4510906651770960.ingest.de.sentry.io/api/4510906661863511/envelope/?sentry_version=7&sentry_key=fb892fd0847f9826a165f9b701b69c08&sentry_client=sentry.javascript.nuxt%2F10.52.0:0
[    2402ms] [ERROR] Access to fetch at 'https://o4510906651770960.ingest.de.sentry.io/api/4510906661863511/envelope/?sentry_version=7&sentry_key=fb892fd0847f9826a165f9b701b69c08&sentry_client=sentry.javascript.nuxt%2F10.52.0' from origin 'https://academy.hackthebox.com' has been blocked by CORS policy: No 'Access-Control-Allow-Origin' header is present on the requested resource. @ https://academy.hackthebox.com/app/module/144:0
[    2402ms] [ERROR] Failed to load resource: net::ERR_FAILED @ https://o4510906651770960.ingest.de.sentry.io/api/4510906661863511/envelope/?sentry_version=7&sentry_key=fb892fd0847f9826a165f9b701b69c08&sentry_client=sentry.javascript.nuxt%2F10.52.0:0
[    2510ms] [ERROR] Refused to execute script from 'https://consent.cookiebot.com/uc.js?cbid=c6744560-9be5-4645-9305-83ef9e0b993d' because its MIME type ('image/gif') is not executable. @ https://academy.hackthebox.com/app/_nuxt/DBOhaI4B.js:3
[    7487ms] [WARNING] [Intercom] Not available after waiting. @ https://academy.hackthebox.com/app/_nuxt/D8ugQId0.js:8
[    7688ms] [ERROR] Failed to load resource: the server responded with a status of 404 () @ https://academy.hackthebox.com/_scripts/p/region1.google-analytics.com/g/collect?v=2&tid=G-TKKV7WGJ6V&gtm=45je65j1v885060163za204zd885060163&_p=1780385109405&gcd=13l3lPl2l1l1&npa=1&dma_cps=a&dma=1&_eu=AAAAAAQC&are=1&cid=1681029371.1780385059&frm=0&pscdl=noapi&rcb=0&sr=1920x1080&uaa=x86&uab=64&uafvl=Chromium%3B148.0.7778.217%7CGoogle%2520Chrome%3B148.0.7778.217%7CNot%252FA)Brand%3B99.0.0.0&uam=&uamb=0&uap=Windows&uapv=19.0.0&uaw=0&ul=es-es&_s=1&tag_exp=0~115616986~115938465~115938468~118128923&sid=1780385059&sct=1&seg=1&dl=https%3A%2F%2Facademy.hackthebox.com%2Fapp%2Fmodule%2F144&dt=Information%20Gathering%20-%20Web%20Edition%20%7C%20Hack%20The%20Box%20Academy&en=page_view&_ee=1&tfd=7578:0
[    7785ms] [WARNING] [Intercom] Not available after waiting. @ https://academy.hackthebox.com/app/_nuxt/D8ugQId0.js:8
[    7906ms] [ERROR] Failed to load resource: the server responded with a status of 404 () @ https://academy.hackthebox.com/ads.js:0
[    7907ms] [WARNING] AdBlock detection results: [Object, Object, Object, Object, Object] @ https://academy.hackthebox.com/app/_nuxt/D8ugQId0.js:8
[   12921ms] [ERROR] Retrieve config - referral config does not exist @ https://academy.hackthebox.com/app/_nuxt/D8ugQId0.js:8
