[     594ms] [ERROR] Access to script at 'https://static.cloudflareinsights.com/beacon.min.js/v833ccba57c9e4d2798f2e76cebdd09a11778172276447' from origin 'https://academy.hackthebox.com' has been blocked by CORS policy: No 'Access-Control-Allow-Origin' header is present on the requested resource. @ https://academy.hackthebox.com/app/module/23:0
[     594ms] [ERROR] Failed to load resource: net::ERR_FAILED @ https://static.cloudflareinsights.com/beacon.min.js/v833ccba57c9e4d2798f2e76cebdd09a11778172276447:0
[     663ms] [ERROR] Failed to load resource: the server responded with a status of 499 () @ https://cdn.segment.com/analytics-next/bundles/ajs-destination.bundle.8e6b895db75187c55313.js:0
[     663ms] [ERROR] Refused to execute script from 'https://cdn.segment.com/analytics-next/bundles/ajs-destination.bundle.8e6b895db75187c55313.js' because its MIME type ('image/png') is not executable. @ https://academy.hackthebox.com/app/module/23:0
[     664ms] [ERROR] [analytics.js] Failed to load Analytics.js ChunkLoadError: Loading chunk 50 failed.
(error: https://cdn.segment.com/analytics-next/bundles/ajs-destination.bundle.8e6b895db75187c55313.js)
    at s.f.j (https://fygapokei.hackthebox.com/htb-anal.js/v1/eLzeD0QoARKZ42pc8AGEUYpcFLpYkf0I/htb-anal.min.js:1:46360)
    at https://fygapokei.hackthebox.com/htb-anal.js/v1/eLzeD0QoARKZ42pc8AGEUYpcFLpYkf0I/htb-anal.min.js:1:44727
    at Array.reduce (<anonymous>)
    at s.e (https://fygapokei.hackthebox.com/htb-anal.js/v1/eLzeD0QoARKZ42pc8AGEUYpcFLpYkf0I/htb-anal.min.js:1:44692)
    at https://fygapokei.hackthebox.com/htb-anal.js/v1/eLzeD0QoARKZ42pc8AGEUYpcFLpYkf0I/htb-anal.min.js:1:101680
    at https://fygapokei.hackthebox.com/htb-anal.js/v1/eLzeD0QoARKZ42pc8AGEUYpcFLpYkf0I/htb-anal.min.js:1:33689
    at Object.next (https://fygapokei.hackthebox.com/htb-anal.js/v1/eLzeD0QoARKZ42pc8AGEUYpcFLpYkf0I/htb-anal.min.js:1:33794)
    at https://fygapokei.hackthebox.com/htb-anal.js/v1/eLzeD0QoARKZ42pc8AGEUYpcFLpYkf0I/htb-anal.min.js:1:32710
    at new Promise (<anonymous>)
    at u (https://fygapokei.hackthebox.com/htb-anal.js/v1/eLzeD0QoARKZ42pc8AGEUYpcFLpYkf0I/htb-anal.min.js:1:32455) @ https://fygapokei.hackthebox.com/htb-anal.js/v1/eLzeD0QoARKZ42pc8AGEUYpcFLpYkf0I/htb-anal.min.js:0
[     889ms] [ERROR] Access to fetch at 'https://o4510906651770960.ingest.de.sentry.io/api/4510906661863511/envelope/?sentry_version=7&sentry_key=fb892fd0847f9826a165f9b701b69c08&sentry_client=sentry.javascript.nuxt%2F10.57.0' from origin 'https://academy.hackthebox.com' has been blocked by CORS policy: No 'Access-Control-Allow-Origin' header is present on the requested resource. @ https://academy.hackthebox.com/app/module/23:0
[     889ms] [ERROR] Failed to load resource: net::ERR_FAILED @ https://o4510906651770960.ingest.de.sentry.io/api/4510906661863511/envelope/?sentry_version=7&sentry_key=fb892fd0847f9826a165f9b701b69c08&sentry_client=sentry.javascript.nuxt%2F10.57.0:0
[    1229ms] [ERROR] Access to fetch at 'https://api.segment.io/v1/m' from origin 'https://academy.hackthebox.com' has been blocked by CORS policy: No 'Access-Control-Allow-Origin' header is present on the requested resource. @ https://academy.hackthebox.com/app/module/23:0
[    1229ms] [ERROR] Failed to load resource: net::ERR_FAILED @ https://api.segment.io/v1/m:0
[    1229ms] [ERROR] Error sending segment performance metrics TypeError: Failed to fetch
    at o (https://fygapokei.hackthebox.com/htb-anal.js/v1/eLzeD0QoARKZ42pc8AGEUYpcFLpYkf0I/htb-anal.min.js:1:23763)
    at t.<anonymous> (https://fygapokei.hackthebox.com/htb-anal.js/v1/eLzeD0QoARKZ42pc8AGEUYpcFLpYkf0I/htb-anal.min.js:1:22238)
    at https://fygapokei.hackthebox.com/htb-anal.js/v1/eLzeD0QoARKZ42pc8AGEUYpcFLpYkf0I/htb-anal.min.js:1:33689
    at Object.next (https://fygapokei.hackthebox.com/htb-anal.js/v1/eLzeD0QoARKZ42pc8AGEUYpcFLpYkf0I/htb-anal.min.js:1:33794)
    at https://fygapokei.hackthebox.com/htb-anal.js/v1/eLzeD0QoARKZ42pc8AGEUYpcFLpYkf0I/htb-anal.min.js:1:32710
    at new Promise (<anonymous>)
    at u (https://fygapokei.hackthebox.com/htb-anal.js/v1/eLzeD0QoARKZ42pc8AGEUYpcFLpYkf0I/htb-anal.min.js:1:32455)
    at t.send (https://fygapokei.hackthebox.com/htb-anal.js/v1/eLzeD0QoARKZ42pc8AGEUYpcFLpYkf0I/htb-anal.min.js:1:22021)
    at t.<anonymous> (https://fygapokei.hackthebox.com/htb-anal.js/v1/eLzeD0QoARKZ42pc8AGEUYpcFLpYkf0I/htb-anal.min.js:1:21894)
    at https://fygapokei.hackthebox.com/htb-anal.js/v1/eLzeD0QoARKZ42pc8AGEUYpcFLpYkf0I/htb-anal.min.js:1:33689 @ https://academy.hackthebox.com/app/_nuxt/Csauf99_.js:8
[    2800ms] [ERROR] Failed to load resource: the server responded with a status of 404 () @ https://academy.hackthebox.com/api/v2/modules/23/reviews/me:0
[    2804ms] [ERROR] Access to fetch at 'https://o4510906651770960.ingest.de.sentry.io/api/4510906661863511/envelope/?sentry_version=7&sentry_key=fb892fd0847f9826a165f9b701b69c08&sentry_client=sentry.javascript.nuxt%2F10.57.0' from origin 'https://academy.hackthebox.com' has been blocked by CORS policy: No 'Access-Control-Allow-Origin' header is present on the requested resource. @ https://academy.hackthebox.com/app/module/23:0
[    2804ms] [ERROR] Failed to load resource: net::ERR_FAILED @ https://o4510906651770960.ingest.de.sentry.io/api/4510906661863511/envelope/?sentry_version=7&sentry_key=fb892fd0847f9826a165f9b701b69c08&sentry_client=sentry.javascript.nuxt%2F10.57.0:0
[    2805ms] [ERROR] Access to fetch at 'https://o4510906651770960.ingest.de.sentry.io/api/4510906661863511/envelope/?sentry_version=7&sentry_key=fb892fd0847f9826a165f9b701b69c08&sentry_client=sentry.javascript.nuxt%2F10.57.0' from origin 'https://academy.hackthebox.com' has been blocked by CORS policy: No 'Access-Control-Allow-Origin' header is present on the requested resource. @ https://academy.hackthebox.com/app/module/23:0
[    2805ms] [ERROR] Failed to load resource: net::ERR_FAILED @ https://o4510906651770960.ingest.de.sentry.io/api/4510906661863511/envelope/?sentry_version=7&sentry_key=fb892fd0847f9826a165f9b701b69c08&sentry_client=sentry.javascript.nuxt%2F10.57.0:0
[    3176ms] [ERROR] Refused to execute script from 'https://consent.cookiebot.com/uc.js?cbid=c6744560-9be5-4645-9305-83ef9e0b993d' because its MIME type ('image/gif') is not executable. @ https://academy.hackthebox.com/app/module/23:0
[    7988ms] [WARNING] [Intercom] Not available after waiting. @ https://academy.hackthebox.com/app/_nuxt/Csauf99_.js:8
[    8302ms] [WARNING] [Intercom] Not available after waiting. @ https://academy.hackthebox.com/app/_nuxt/Csauf99_.js:8
[    8307ms] [ERROR] Failed to load resource: the server responded with a status of 404 () @ https://academy.hackthebox.com/_scripts/p/region1.google-analytics.com/g/collect?v=2&tid=G-TKKV7WGJ6V&gtm=45je66a1v885060163za204zd885060163&_p=1782073243207&gcd=13l3lPl2l1l1&npa=1&dma_cps=a&dma=1&_eu=AAAAAAQC&are=1&cid=1129891584.1781347783&frm=0&pscdl=noapi&rcb=7&sr=1920x1280&uaa=x86&uab=64&uafvl=Google%2520Chrome%3B149.0.7827.115%7CChromium%3B149.0.7827.115%7CNot)A%253BBrand%3B24.0.0.0&uam=&uamb=0&uap=Windows&uapv=19.0.0&uaw=0&ul=es-es&_s=1&tag_exp=115616985~115938465~115938469~117776793~119456239~119456247&sid=1782073240&sct=3&seg=1&dl=https%3A%2F%2Facademy.hackthebox.com%2Fapp%2Fmodule%2F23&dt=File%20Inclusion%20%7C%20Hack%20The%20Box%20Academy&en=page_view&_ee=1&tfd=8188:0
[    8433ms] [ERROR] Failed to load resource: the server responded with a status of 404 () @ https://academy.hackthebox.com/ads.js:0
[    8433ms] [WARNING] AdBlock detection results: [Object, Object, Object, Object, Object] @ https://academy.hackthebox.com/app/_nuxt/Csauf99_.js:8
